<html>
<body>
<pre>
<h1>µVision Build Log</h1>
<h2>Tool Versions:</h2>
IDE-Version: µVision V5.39.0.0
Copyright (C) 2023 ARM Ltd and ARM Germany GmbH. All rights reserved.
License Information: Huy dell, Bosch, LIC=HN0AE-5H5TZ-QDFKD-83Z2Y-2EWBF-IBHIP
 
Tool Versions:
Toolchain:       MDK-ARM Plus  Version: 5.39.0.0
Toolchain Path:  D:\Software\Keil_V5\ARM\ARMCLANG\Bin
C Compiler:      ArmClang.exe V6.21
Assembler:       Armasm.exe V6.21
Linker/Locator:  ArmLink.exe V6.21
Library Manager: ArmAr.exe V6.21
Hex Converter:   FromElf.exe V6.21
CPU DLL:         SARMCM3.DLL V5.39.0.0
Dialog DLL:      DCM.DLL V1.17.5.0
Target DLL:      UL2CM3.DLL V1.164.9.0
Dialog DLL:      TCM.DLL V1.56.4.0
 
<h2>Project:</h2>
D:\hoc\final thesis\Motor_MPU6050_Control\Keil\Motor_MPU6050_Control.uvprojx
Project File Date:  09/21/2024

<h2>Output:</h2>
*** Using Compiler 'V6.21', folder: 'D:\Software\Keil_V5\ARM\ARMCLANG\Bin'
Rebuild target 'Target 1'
compiling gpio_driver.c...
compiling i2c_driver.c...
compiling systick_driver.c...
compiling rcc_driver.c...
compiling rtos.c...
compiling usart_driver.c...
compiling timer_driver.c...
compiling cortexm3_irq.c...
compiling millisecond.c...
compiling motor_driver.c...
compiling mpu6050_driver.c...
compiling main.c...
compiling ringbuffer.c...
assembling startup_stm32f10x_md.s...
compiling system_stm32f10x.c...
linking...
.\Objects\Motor_MPU6050_Control.axf: Warning: L6439W: Multiply defined Global Symbol USART1_IRQHandler defined in .text(startup_stm32f10x_md.o) rejected in favor of Symbol defined in .text.USART1_IRQHandler(usart_driver.o).
.\Objects\Motor_MPU6050_Control.axf: Warning: L6439W: Multiply defined Global Symbol USART2_IRQHandler defined in .text(startup_stm32f10x_md.o) rejected in favor of Symbol defined in .text.USART2_IRQHandler(usart_driver.o).
.\Objects\Motor_MPU6050_Control.axf: Warning: L6439W: Multiply defined Global Symbol USART3_IRQHandler defined in .text(startup_stm32f10x_md.o) rejected in favor of Symbol defined in .text.USART3_IRQHandler(usart_driver.o).
Program Size: Code=2380 RO-data=252 RW-data=0 ZI-data=1672  
Finished: 0 information, 3 warning and 0 error messages.
FromELF: creating hex file...
".\Objects\Motor_MPU6050_Control.axf" - 0 Error(s), 3 Warning(s).

<h2>Software Packages used:</h2>

Package Vendor: ARM
                http://www.keil.com/pack/ARM.CMSIS.5.9.0.pack
                ARM::CMSIS@5.9.0
                CMSIS (Common Microcontroller Software Interface Standard)
   * Component: CORE Version: 5.6.0

Package Vendor: Keil
                https://www.keil.com/pack/Keil.STM32F1xx_DFP.2.4.1.pack
                Keil::STM32F1xx_DFP@2.4.1
                STMicroelectronics STM32F1 Series Device Support, Drivers and Examples
   * Component: Startup Version: 1.0.0

<h2>Collection of Component include folders:</h2>
  ./RTE/Device/STM32F103C8
  ./RTE/_Target_1
  D:/Software/Keil_V5/ARM/CMSIS/5.9.0/CMSIS/Core/Include
  D:/Software/Keil_V5/Keil/STM32F1xx_DFP/2.4.1/Device/Include

<h2>Collection of Component Files used:</h2>

   * Component: ARM::CMSIS:CORE@5.6.0

   * Component: Keil::Device:Startup@1.0.0
      Source file:   Device/Source/system_stm32f10x.c
      Source file:   Device/Source/ARM/startup_stm32f10x_md.s
      Include file:  RTE_Driver/Config/RTE_Device.h
      Source file:   Device/Source/ARM/STM32F1xx_OPT.s
Build Time Elapsed:  00:00:01
</pre>
</body>
</html>
