Component: Arm Compiler for Embedded 6.21 Tool: armlink [5ec1fa00]

==============================================================================

Section Cross References

    gpio_driver.o(.ARM.exidx.text.GPIO_ClockControl) refers to gpio_driver.o(.text.GPIO_ClockControl) for [Anonymous Symbol]
    gpio_driver.o(.text.GPIO_Init) refers to gpio_driver.o(.text.GPIO_ClockControl) for GPIO_ClockControl
    gpio_driver.o(.ARM.exidx.text.GPIO_Init) refers to gpio_driver.o(.text.GPIO_Init) for [Anonymous Symbol]
    gpio_driver.o(.text.GPIO_SetMode) refers to gpio_driver.o(.text.GPIO_ClockControl) for GPIO_ClockControl
    gpio_driver.o(.ARM.exidx.text.GPIO_SetMode) refers to gpio_driver.o(.text.GPIO_SetMode) for [Anonymous Symbol]
    gpio_driver.o(.ARM.exidx.text.GPIO_WritePin) refers to gpio_driver.o(.text.GPIO_WritePin) for [Anonymous Symbol]
    gpio_driver.o(.ARM.exidx.text.GPIO_WritePort) refers to gpio_driver.o(.text.GPIO_WritePort) for [Anonymous Symbol]
    gpio_driver.o(.ARM.exidx.text.GPIO_ReadPin) refers to gpio_driver.o(.text.GPIO_ReadPin) for [Anonymous Symbol]
    gpio_driver.o(.text.GPIO_IRQ_Enable) refers to cortexm3_irq.o(.text.Disable_IRQ) for Disable_IRQ
    gpio_driver.o(.text.GPIO_IRQ_Enable) refers to cortexm3_irq.o(.text.NVIC_Enable_IRQ) for NVIC_Enable_IRQ
    gpio_driver.o(.text.GPIO_IRQ_Enable) refers to cortexm3_irq.o(.text.Enable_IRQ) for Enable_IRQ
    gpio_driver.o(.ARM.exidx.text.GPIO_IRQ_Enable) refers to gpio_driver.o(.text.GPIO_IRQ_Enable) for [Anonymous Symbol]
    gpio_driver.o(.text.GPIO_IRQ_Disable) refers to cortexm3_irq.o(.text.Disable_IRQ) for Disable_IRQ
    gpio_driver.o(.text.GPIO_IRQ_Disable) refers to cortexm3_irq.o(.text.NVIC_Disable_IRQ) for NVIC_Disable_IRQ
    gpio_driver.o(.text.GPIO_IRQ_Disable) refers to cortexm3_irq.o(.text.Enable_IRQ) for Enable_IRQ
    gpio_driver.o(.ARM.exidx.text.GPIO_IRQ_Disable) refers to gpio_driver.o(.text.GPIO_IRQ_Disable) for [Anonymous Symbol]
    gpio_driver.o(.ARM.exidx.text.GPIO_ResetPending) refers to gpio_driver.o(.text.GPIO_ResetPending) for [Anonymous Symbol]
    i2c_driver.o(.text.I2C_Init) refers to gpio_driver.o(.text.GPIO_SetMode) for GPIO_SetMode
    i2c_driver.o(.ARM.exidx.text.I2C_Init) refers to i2c_driver.o(.text.I2C_Init) for [Anonymous Symbol]
    i2c_driver.o(.ARM.exidx.text.I2C_SendStartSignal) refers to i2c_driver.o(.text.I2C_SendStartSignal) for [Anonymous Symbol]
    i2c_driver.o(.ARM.exidx.text.I2C_SendStopSignal) refers to i2c_driver.o(.text.I2C_SendStopSignal) for [Anonymous Symbol]
    i2c_driver.o(.text.I2C_SendAddress) refers to i2c_driver.o(.text.I2C_SendStartSignal) for I2C_SendStartSignal
    i2c_driver.o(.ARM.exidx.text.I2C_SendAddress) refers to i2c_driver.o(.text.I2C_SendAddress) for [Anonymous Symbol]
    i2c_driver.o(.text.I2C_MasterTransmit) refers to i2c_driver.o(.text.I2C_SendStartSignal) for I2C_SendStartSignal
    i2c_driver.o(.text.I2C_MasterTransmit) refers to i2c_driver.o(.text.I2C_SendAddress) for I2C_SendAddress
    i2c_driver.o(.text.I2C_MasterTransmit) refers to i2c_driver.o(.text.I2C_SendStopSignal) for I2C_SendStopSignal
    i2c_driver.o(.ARM.exidx.text.I2C_MasterTransmit) refers to i2c_driver.o(.text.I2C_MasterTransmit) for [Anonymous Symbol]
    i2c_driver.o(.text.I2C_MasterReceive) refers to i2c_driver.o(.text.I2C_SendStartSignal) for I2C_SendStartSignal
    i2c_driver.o(.text.I2C_MasterReceive) refers to i2c_driver.o(.text.I2C_SendAddress) for I2C_SendAddress
    i2c_driver.o(.text.I2C_MasterReceive) refers to i2c_driver.o(.text.I2C_SendStopSignal) for I2C_SendStopSignal
    i2c_driver.o(.ARM.exidx.text.I2C_MasterReceive) refers to i2c_driver.o(.text.I2C_MasterReceive) for [Anonymous Symbol]
    i2c_driver.o(.text.I2C_IRQRegister) refers to cortexm3_irq.o(.text.Disable_IRQ) for Disable_IRQ
    i2c_driver.o(.text.I2C_IRQRegister) refers to cortexm3_irq.o(.text.NVIC_Enable_IRQ) for NVIC_Enable_IRQ
    i2c_driver.o(.text.I2C_IRQRegister) refers to cortexm3_irq.o(.text.NVIC_SetPriority_IRQ) for NVIC_SetPriority_IRQ
    i2c_driver.o(.text.I2C_IRQRegister) refers to cortexm3_irq.o(.text.Enable_IRQ) for Enable_IRQ
    i2c_driver.o(.ARM.exidx.text.I2C_IRQRegister) refers to i2c_driver.o(.text.I2C_IRQRegister) for [Anonymous Symbol]
    rcc_driver.o(.text.System_Init) refers to rcc_driver.o(.text.SetSysCLK) for SetSysCLK
    rcc_driver.o(.ARM.exidx.text.System_Init) refers to rcc_driver.o(.text.System_Init) for [Anonymous Symbol]
    rcc_driver.o(.text.SetSysCLK) refers to rcc_driver.o(.text.SetPLLCLK_HSE) for SetPLLCLK_HSE
    rcc_driver.o(.text.SetSysCLK) refers to rcc_driver.o(.text.SysCLK_PreScaler) for SysCLK_PreScaler
    rcc_driver.o(.ARM.exidx.text.SetSysCLK) refers to rcc_driver.o(.text.SetSysCLK) for [Anonymous Symbol]
    rcc_driver.o(.ARM.exidx.text.GetAHB_Clock) refers to rcc_driver.o(.text.GetAHB_Clock) for [Anonymous Symbol]
    rcc_driver.o(.ARM.exidx.text.GetAPB1_Clock) refers to rcc_driver.o(.text.GetAPB1_Clock) for [Anonymous Symbol]
[...]
    sys_exit_hlt.o(.text) refers (Special) to use_no_semi.o(.text) for __I$use$semihosting
    sys_exit_hlt.o(.text) refers (Special) to indicate_semi.o(.text) for __semihosting_library_function
    rtexit.o(.ARM.Collect$$rtexit$$00000000) refers (Special) to rtexit2.o(.ARM.Collect$$rtexit$$00000004) for __rt_exit_exit
    rtexit.o(.ARM.Collect$$rtexit$$00000000) refers (Special) to rtexit2.o(.ARM.Collect$$rtexit$$00000003) for __rt_exit_ls
    rtexit.o(.ARM.Collect$$rtexit$$00000000) refers (Special) to rtexit2.o(.ARM.Collect$$rtexit$$00000002) for __rt_exit_prels_1
    rtexit.o(.ARM.exidx) refers (Special) to rtexit2.o(.ARM.Collect$$rtexit$$00000004) for __rt_exit_exit
    rtexit.o(.ARM.exidx) refers (Special) to rtexit2.o(.ARM.Collect$$rtexit$$00000003) for __rt_exit_ls
    rtexit.o(.ARM.exidx) refers (Special) to rtexit2.o(.ARM.Collect$$rtexit$$00000002) for __rt_exit_prels_1
    rtexit.o(.ARM.exidx) refers to rtexit.o(.ARM.Collect$$rtexit$$00000000) for .ARM.Collect$$rtexit$$00000000
    __raise.o(.text) refers to defsig.o(CL$$defsig) for __default_signal_handler
    defsig_general.o(.text) refers to sys_wrch.o(.text) for _ttywrch
    libshutdown2.o(.ARM.Collect$$libshutdown$$0000000D) refers (Weak) to term_alloc.o(.text) for _terminate_alloc
    sys_wrch.o(.text) refers (Special) to use_no_semi.o(.text) for __I$use$semihosting
    sys_wrch.o(.text) refers (Special) to indicate_semi.o(.text) for __semihosting_library_function
    sys_wrch_hlt.o(.text) refers (Special) to use_no_semi.o(.text) for __I$use$semihosting
    sys_wrch_hlt.o(.text) refers (Special) to indicate_semi.o(.text) for __semihosting_library_function
    rtexit2.o(.ARM.Collect$$rtexit$$00000003) refers to libshutdown.o(.ARM.Collect$$libshutdown$$00000000) for __rt_lib_shutdown
    rtexit2.o(.ARM.Collect$$rtexit$$00000004) refers to sys_exit.o(.text) for _sys_exit
    rtexit2.o(.ARM.exidx) refers to rtexit2.o(.ARM.Collect$$rtexit$$00000001) for .ARM.Collect$$rtexit$$00000001
    rtexit2.o(.ARM.exidx) refers to rtexit2.o(.ARM.Collect$$rtexit$$00000003) for .ARM.Collect$$rtexit$$00000003
    rtexit2.o(.ARM.exidx) refers to rtexit2.o(.ARM.Collect$$rtexit$$00000004) for .ARM.Collect$$rtexit$$00000004
    defsig.o(CL$$defsig) refers to defsig_rtmem_inner.o(.text) for __rt_SIGRTMEM_inner
    defsig_abrt_inner.o(.text) refers to defsig_general.o(.text) for __default_signal_display
    defsig_fpe_inner.o(.text) refers to defsig_general.o(.text) for __default_signal_display
    defsig_rtred_inner.o(.text) refers to defsig_general.o(.text) for __default_signal_display
    defsig_stak_inner.o(.text) refers to defsig_general.o(.text) for __default_signal_display
    defsig_pvfn_inner.o(.text) refers to defsig_general.o(.text) for __default_signal_display
    defsig_cppl_inner.o(.text) refers to defsig_general.o(.text) for __default_signal_display
    defsig_segv_inner.o(.text) refers to defsig_general.o(.text) for __default_signal_display
    defsig_other.o(.text) refers to defsig_general.o(.text) for __default_signal_display
    libshutdown.o(.ARM.Collect$$libshutdown$$00000000) refers (Special) to libshutdown2.o(.ARM.Collect$$libshutdown$$00000002) for __rt_lib_shutdown_cpp_1
    libshutdown.o(.ARM.Collect$$libshutdown$$00000000) refers (Special) to libshutdown2.o(.ARM.Collect$$libshutdown$$00000007) for __rt_lib_shutdown_fp_trap_1
    libshutdown.o(.ARM.Collect$$libshutdown$$00000000) refers (Special) to libshutdown2.o(.ARM.Collect$$libshutdown$$0000000F) for __rt_lib_shutdown_heap_1
    libshutdown.o(.ARM.Collect$$libshutdown$$00000000) refers (Special) to libshutdown2.o(.ARM.Collect$$libshutdown$$00000010) for __rt_lib_shutdown_return
    libshutdown.o(.ARM.Collect$$libshutdown$$00000000) refers (Special) to libshutdown2.o(.ARM.Collect$$libshutdown$$0000000A) for __rt_lib_shutdown_signal_1
    libshutdown.o(.ARM.Collect$$libshutdown$$00000000) refers (Special) to libshutdown2.o(.ARM.Collect$$libshutdown$$00000004) for __rt_lib_shutdown_stdio_1
    libshutdown.o(.ARM.Collect$$libshutdown$$00000000) refers (Special) to libshutdown2.o(.ARM.Collect$$libshutdown$$0000000C) for __rt_lib_shutdown_user_alloc_1


==============================================================================

Removing Unused input sections from the image.

    Removing gpio_driver.o(.text), (0 bytes).
    Removing gpio_driver.o(.ARM.exidx.text.GPIO_ClockControl), (8 bytes).
    Removing gpio_driver.o(.text.GPIO_Init), (152 bytes).
    Removing gpio_driver.o(.ARM.exidx.text.GPIO_Init), (8 bytes).
    Removing gpio_driver.o(.ARM.exidx.text.GPIO_SetMode), (8 bytes).
    Removing gpio_driver.o(.text.GPIO_WritePin), (76 bytes).
    Removing gpio_driver.o(.ARM.exidx.text.GPIO_WritePin), (8 bytes).
    Removing gpio_driver.o(.text.GPIO_WritePort), (24 bytes).
    Removing gpio_driver.o(.ARM.exidx.text.GPIO_WritePort), (8 bytes).
    Removing gpio_driver.o(.text.GPIO_ReadPin), (36 bytes).
    Removing gpio_driver.o(.ARM.exidx.text.GPIO_ReadPin), (8 bytes).
    Removing gpio_driver.o(.text.GPIO_IRQ_Enable), (236 bytes).
    Removing gpio_driver.o(.ARM.exidx.text.GPIO_IRQ_Enable), (8 bytes).
    Removing gpio_driver.o(.text.GPIO_IRQ_Disable), (180 bytes).
    Removing gpio_driver.o(.ARM.exidx.text.GPIO_IRQ_Disable), (8 bytes).
    Removing gpio_driver.o(.text.GPIO_ResetPending), (34 bytes).
    Removing gpio_driver.o(.ARM.exidx.text.GPIO_ResetPending), (8 bytes).
    Removing i2c_driver.o(.text), (0 bytes).
    Removing i2c_driver.o(.ARM.exidx.text.I2C_Init), (8 bytes).
    Removing i2c_driver.o(.ARM.exidx.text.I2C_SendStartSignal), (8 bytes).
    Removing i2c_driver.o(.ARM.exidx.text.I2C_SendStopSignal), (8 bytes).
    Removing i2c_driver.o(.ARM.exidx.text.I2C_SendAddress), (8 bytes).
    Removing i2c_driver.o(.ARM.exidx.text.I2C_MasterTransmit), (8 bytes).
    Removing i2c_driver.o(.ARM.exidx.text.I2C_MasterReceive), (8 bytes).
    Removing i2c_driver.o(.text.I2C_IRQRegister), (182 bytes).
    Removing i2c_driver.o(.ARM.exidx.text.I2C_IRQRegister), (8 bytes).
    Removing rcc_driver.o(.text), (0 bytes).
    Removing rcc_driver.o(.ARM.exidx.text.System_Init), (8 bytes).
    Removing rcc_driver.o(.ARM.exidx.text.SetSysCLK), (8 bytes).
    Removing rcc_driver.o(.ARM.exidx.text.GetAHB_Clock), (8 bytes).
    Removing rcc_driver.o(.ARM.exidx.text.GetAPB1_Clock), (8 bytes).
    Removing rcc_driver.o(.text.GetAPB2_Clock), (10 bytes).
    Removing rcc_driver.o(.ARM.exidx.text.GetAPB2_Clock), (8 bytes).
    Removing rcc_driver.o(.text.GetADC_Clock), (10 bytes).
    Removing rcc_driver.o(.ARM.exidx.text.GetADC_Clock), (8 bytes).
    Removing rcc_driver.o(.text.GetUSB_Clock), (10 bytes).
    Removing rcc_driver.o(.ARM.exidx.text.GetUSB_Clock), (8 bytes).
    Removing rcc_driver.o(.text.GetTimer_Clock), (114 bytes).
    Removing rcc_driver.o(.ARM.exidx.text.GetTimer_Clock), (8 bytes).
    Removing rcc_driver.o(.ARM.exidx.text.SetPLLCLK_HSE), (8 bytes).
    Removing rcc_driver.o(.ARM.exidx.text.SysCLK_PreScaler), (8 bytes).
    Removing rtos.o(.text), (0 bytes).
    Removing rtos.o(.text.RTOS_Create_Task), (614 bytes).
    Removing rtos.o(.ARM.exidx.text.RTOS_Create_Task), (8 bytes).
    Removing rtos.o(.text.Create_IdleTask), (172 bytes).
    Removing rtos.o(.ARM.exidx.text.Create_IdleTask), (8 bytes).
    Removing rtos.o(.text.Delete_IdleTask), (34 bytes).
    Removing rtos.o(.ARM.exidx.text.Delete_IdleTask), (8 bytes).
    Removing rtos.o(.text.RTOS_Delete_Task), (346 bytes).
    Removing rtos.o(.ARM.exidx.text.RTOS_Delete_Task), (8 bytes).
    Removing rtos.o(.text.Idle_Task), (4 bytes).
    Removing rtos.o(.ARM.exidx.text.Idle_Task), (8 bytes).
    Removing rtos.o(.ARM.exidx.text.Create_IdleTaskStack), (8 bytes).
    Removing rtos.o(.text.Create_TaskTimer), (92 bytes).
    Removing rtos.o(.ARM.exidx.text.Create_TaskTimer), (8 bytes).
    Removing rtos.o(.text.RTOS_Run_Task), (68 bytes).
    Removing rtos.o(.ARM.exidx.text.RTOS_Run_Task), (8 bytes).
    Removing rtos.o(.text.Switch_SP_To_PSP), (24 bytes).
    Removing rtos.o(.ARM.exidx.text.Switch_SP_To_PSP), (8 bytes).
    Removing rtos.o(.ARM.exidx.text.UnBlock_Task), (8 bytes).
    Removing rtos.o(.text.RTOS_Delay_Task), (120 bytes).
    Removing rtos.o(.ARM.exidx.text.RTOS_Delay_Task), (8 bytes).
    Removing rtos.o(.text.RTOS_Save_NextPointer), (54 bytes).
    Removing rtos.o(.ARM.exidx.text.RTOS_Save_NextPointer), (8 bytes).
    Removing rtos.o(.ARM.exidx.text.RTOS_Save_PSPValue), (8 bytes).
    Removing rtos.o(.ARM.exidx.text.RTOS_Get_PSPValue), (8 bytes).
    Removing rtos.o(.ARM.exidx.text.RTOS_Update_NextTask), (8 bytes).
    Removing rtos.o(.ARM.exidx.text.TIM4_IRQHandler), (8 bytes).
    Removing rtos.o(.ARM.exidx.text.PendSV_Handler), (8 bytes).
    Removing systick_driver.o(.text), (0 bytes).
    Removing systick_driver.o(.ARM.exidx.text.SystickTimer_Init), (8 bytes).
    Removing systick_driver.o(.text.SystickTimer_DeInit), (14 bytes).
    Removing systick_driver.o(.ARM.exidx.text.SystickTimer_DeInit), (8 bytes).
    Removing systick_driver.o(.ARM.exidx.text.SysTick_DelayMs), (8 bytes).
    Removing systick_driver.o(.text.SysTick_DelayUs), (146 bytes).
    Removing systick_driver.o(.ARM.exidx.text.SysTick_DelayUs), (8 bytes).
    Removing systick_driver.o(.text.SystickIRQ_Ms), (98 bytes).
    Removing systick_driver.o(.ARM.exidx.text.SystickIRQ_Ms), (8 bytes).
    Removing systick_driver.o(.text.SystickIRQ_Us), (98 bytes).
    Removing systick_driver.o(.ARM.exidx.text.SystickIRQ_Us), (8 bytes).
    Removing timer_driver.o(.text), (0 bytes).
    Removing timer_driver.o(.text.TIM_ConfigureCounter), (670 bytes).
    Removing timer_driver.o(.ARM.exidx.text.TIM_ConfigureCounter), (8 bytes).
    Removing timer_driver.o(.text.TIM_ConfigureControl), (454 bytes).
    Removing timer_driver.o(.ARM.exidx.text.TIM_ConfigureControl), (8 bytes).
    Removing timer_driver.o(.text.TIM_ConfigureSlaveMode), (316 bytes).
    Removing timer_driver.o(.ARM.exidx.text.TIM_ConfigureSlaveMode), (8 bytes).
    Removing timer_driver.o(.text.TIM_ConfigureChannel), (764 bytes).
    Removing timer_driver.o(.ARM.exidx.text.TIM_ConfigureChannel), (8 bytes).
    Removing timer_driver.o(.text.TIM_EnableChannel), (300 bytes).
    Removing timer_driver.o(.ARM.exidx.text.TIM_EnableChannel), (8 bytes).
    Removing timer_driver.o(.text.TIM_DisableChannel), (300 bytes).
    Removing timer_driver.o(.ARM.exidx.text.TIM_DisableChannel), (8 bytes).
    Removing timer_driver.o(.text.TIM_EnableComplementaryChannel), (104 bytes).
    Removing timer_driver.o(.ARM.exidx.text.TIM_EnableComplementaryChannel), (8 bytes).
    Removing timer_driver.o(.text.TIM_DisableComplementaryChannel), (104 bytes).
    Removing timer_driver.o(.ARM.exidx.text.TIM_DisableComplementaryChannel), (8 bytes).
    Removing timer_driver.o(.text.TIM_EventGeneration), (352 bytes).
    Removing timer_driver.o(.ARM.exidx.text.TIM_EventGeneration), (8 bytes).
    Removing timer_driver.o(.text.TIM_WriteAutoReloadValue), (22 bytes).
    Removing timer_driver.o(.ARM.exidx.text.TIM_WriteAutoReloadValue), (8 bytes).
    Removing timer_driver.o(.text.TIM_ReadAutoReloadValue), (20 bytes).
    Removing timer_driver.o(.ARM.exidx.text.TIM_ReadAutoReloadValue), (8 bytes).
    Removing timer_driver.o(.text.TIM_WriteCountingValue), (22 bytes).
    Removing timer_driver.o(.ARM.exidx.text.TIM_WriteCountingValue), (8 bytes).
    Removing timer_driver.o(.text.TIM_ReadCountingValue), (20 bytes).
    Removing timer_driver.o(.ARM.exidx.text.TIM_ReadCountingValue), (8 bytes).
    Removing timer_driver.o(.text.TIM_WritePrescalerValue), (22 bytes).
    Removing timer_driver.o(.ARM.exidx.text.TIM_WritePrescalerValue), (8 bytes).
    Removing timer_driver.o(.text.TIM_ReadPrescalerValue), (20 bytes).
    Removing timer_driver.o(.ARM.exidx.text.TIM_ReadPrescalerValue), (8 bytes).
    Removing timer_driver.o(.text.TIM_WriteChannelValue), (308 bytes).
    Removing timer_driver.o(.ARM.exidx.text.TIM_WriteChannelValue), (8 bytes).
    Removing timer_driver.o(.text.TIM_ReadChannelValue), (306 bytes).
    Removing timer_driver.o(.ARM.exidx.text.TIM_ReadChannelValue), (8 bytes).
    Removing timer_driver.o(.text.TIM_ConfigureInterrupt), (386 bytes).
    Removing timer_driver.o(.ARM.exidx.text.TIM_ConfigureInterrupt), (8 bytes).
    Removing usart_driver.o(.text), (0 bytes).
    Removing usart_driver.o(.text.USART_Init), (812 bytes).
    Removing usart_driver.o(.ARM.exidx.text.USART_Init), (8 bytes).
    Removing usart_driver.o(.text.USART_WriteData), (152 bytes).
    Removing usart_driver.o(.ARM.exidx.text.USART_WriteData), (8 bytes).
    Removing usart_driver.o(.text.USART_ReadData), (90 bytes).
    Removing usart_driver.o(.ARM.exidx.text.USART_ReadData), (8 bytes).
    Removing usart_driver.o(.text.USART_RegisterEvent), (226 bytes).
    Removing usart_driver.o(.ARM.exidx.text.USART_RegisterEvent), (8 bytes).
    Removing usart_driver.o(.text.USART_UnregisterEvent), (172 bytes).
    Removing usart_driver.o(.ARM.exidx.text.USART_UnregisterEvent), (8 bytes).
    Removing usart_driver.o(.ARM.exidx.text.USART1_IRQHandler), (8 bytes).
    Removing usart_driver.o(.ARM.exidx.text.USART2_IRQHandler), (8 bytes).
    Removing usart_driver.o(.ARM.exidx.text.USART3_IRQHandler), (8 bytes).
    Removing cortexm3_irq.o(.text), (0 bytes).
    Removing cortexm3_irq.o(.ARM.exidx.text.Disable_IRQ), (8 bytes).
    Removing cortexm3_irq.o(.ARM.exidx.text.Enable_IRQ), (8 bytes).
    Removing cortexm3_irq.o(.text.NVIC_Enable_IRQ), (44 bytes).
    Removing cortexm3_irq.o(.ARM.exidx.text.NVIC_Enable_IRQ), (8 bytes).
    Removing cortexm3_irq.o(.text.NVIC_Disable_IRQ), (44 bytes).
    Removing cortexm3_irq.o(.ARM.exidx.text.NVIC_Disable_IRQ), (8 bytes).
    Removing cortexm3_irq.o(.text.NVIC_SetPending_IRQ), (44 bytes).
    Removing cortexm3_irq.o(.ARM.exidx.text.NVIC_SetPending_IRQ), (8 bytes).
    Removing cortexm3_irq.o(.text.NVIC_SetPriority_IRQ), (46 bytes).
    Removing cortexm3_irq.o(.ARM.exidx.text.NVIC_SetPriority_IRQ), (8 bytes).
    Removing cortexm3_irq.o(.ARM.exidx.text.SystemPending_PENSV), (8 bytes).
    Removing millisecond.o(.text), (0 bytes).
    Removing millisecond.o(.text.MilliSecond_Setup), (24 bytes).
    Removing millisecond.o(.ARM.exidx.text.MilliSecond_Setup), (8 bytes).
    Removing millisecond.o(.text.Timer_Counter_Setup), (74 bytes).
    Removing millisecond.o(.ARM.exidx.text.Timer_Counter_Setup), (8 bytes).
    Removing millisecond.o(.text.MilliSecond_Start), (26 bytes).
    Removing millisecond.o(.ARM.exidx.text.MilliSecond_Start), (8 bytes).
    Removing millisecond.o(.text.MilliSecond_Stop), (68 bytes).
    Removing millisecond.o(.ARM.exidx.text.MilliSecond_Stop), (8 bytes).
    Removing motor_driver.o(.text), (0 bytes).
    Removing motor_driver.o(.text.Motor_Initialization), (104 bytes).
    Removing motor_driver.o(.ARM.exidx.text.Motor_Initialization), (8 bytes).
    Removing motor_driver.o(.text.Configure_Counter_Motor_Timer), (90 bytes).
    Removing motor_driver.o(.ARM.exidx.text.Configure_Counter_Motor_Timer), (8 bytes).
    Removing motor_driver.o(.text.Configure_Control_Motor_Timer), (46 bytes).
    Removing motor_driver.o(.ARM.exidx.text.Configure_Control_Motor_Timer), (8 bytes).
    Removing motor_driver.o(.text.Setup_Motor_Channel_Timer), (70 bytes).
    Removing motor_driver.o(.ARM.exidx.text.Setup_Motor_Channel_Timer), (8 bytes).
    Removing motor_driver.o(.text.Motor_Configure_PWM), (50 bytes).
    Removing motor_driver.o(.ARM.exidx.text.Motor_Configure_PWM), (8 bytes).
    Removing mpu6050_driver.o(.text), (0 bytes).
    Removing mpu6050_driver.o(.ARM.exidx.text.MPU6050_Setfilter), (8 bytes).
    Removing mpu6050_driver.o(.ARM.exidx.text.MPU6050_ReadValue), (8 bytes).
    Removing mpu6050_driver.o(.ARM.exidx.text.MPU6050_Setup), (8 bytes).
    Removing mpu6050_driver.o(.ARM.exidx.text.MPU6050_Measure_Angle_Rotation), (8 bytes).
    Removing mpu6050_driver.o(.text.MPU6050_Measure_Acceleration), (136 bytes).
    Removing mpu6050_driver.o(.ARM.exidx.text.MPU6050_Measure_Acceleration), (8 bytes).
    Removing mpu6050_driver.o(.ARM.exidx.text.MPU6050_I2C_Setup), (8 bytes).
    Removing mpu6050_driver.o(.rodata..L__const.MPU6050_Setup.DataSetup), (2 bytes).
    Removing ringbuffer.o(.text), (0 bytes).
    Removing ringbuffer.o(.text.RingBuffer_Init), (44 bytes).
    Removing ringbuffer.o(.ARM.exidx.text.RingBuffer_Init), (8 bytes).
    Removing ringbuffer.o(.text.RingBuffer_PushData), (48 bytes).
    Removing ringbuffer.o(.ARM.exidx.text.RingBuffer_PushData), (8 bytes).
    Removing ringbuffer.o(.text.RingBuffer_GetData), (68 bytes).
    Removing ringbuffer.o(.ARM.exidx.text.RingBuffer_GetData), (8 bytes).
    Removing ringbuffer.o(.text.RingBuffer_GetFreeSize), (30 bytes).
    Removing ringbuffer.o(.ARM.exidx.text.RingBuffer_GetFreeSize), (8 bytes).
    Removing ultrasonic.o(.text), (0 bytes).
    Removing ultrasonic.o(.text.Ultrasonic_Initialization), (28 bytes).
    Removing ultrasonic.o(.ARM.exidx.text.Ultrasonic_Initialization), (8 bytes).
    Removing ultrasonic.o(.text.Configure_Counter_Ultrasonic_Timer), (90 bytes).
    Removing ultrasonic.o(.ARM.exidx.text.Configure_Counter_Ultrasonic_Timer), (8 bytes).
    Removing ultrasonic.o(.text.Configure_Control_Ultrasonic_Timer), (50 bytes).
    Removing ultrasonic.o(.ARM.exidx.text.Configure_Control_Ultrasonic_Timer), (8 bytes).
    Removing ultrasonic.o(.text.Configure_Channel_Ultrasonic_Left_Timer), (72 bytes).
    Removing ultrasonic.o(.ARM.exidx.text.Configure_Channel_Ultrasonic_Left_Timer), (8 bytes).
    Removing ultrasonic.o(.text.Configure_Channel_Ultrasonic_Center_Timer), (72 bytes).
    Removing ultrasonic.o(.ARM.exidx.text.Configure_Channel_Ultrasonic_Center_Timer), (8 bytes).
    Removing ultrasonic.o(.text.Configure_Channel_Ultrasonic_Right_Timer), (76 bytes).
    Removing ultrasonic.o(.ARM.exidx.text.Configure_Channel_Ultrasonic_Right_Timer), (8 bytes).
    Removing ultrasonic.o(.text.Configure_Channel_Ultrasonic_Trigger_Timer), (80 bytes).
    Removing ultrasonic.o(.ARM.exidx.text.Configure_Channel_Ultrasonic_Trigger_Timer), (8 bytes).
    Removing ultrasonic.o(.text.Ultrasonic_Trigger), (46 bytes).
    Removing ultrasonic.o(.ARM.exidx.text.Ultrasonic_Trigger), (8 bytes).
    Removing ultrasonic.o(.text.Ultrasonic_Get_Distance), (44 bytes).
    Removing ultrasonic.o(.ARM.exidx.text.Ultrasonic_Get_Distance), (8 bytes).
    Removing motor_mpu6050_control.o(.text), (0 bytes).
    Removing motor_mpu6050_control.o(.ARM.exidx.text.main), (8 bytes).
    Removing motor_mpu6050_control.o(.ARM.use_no_argv), (4 bytes).
    Removing system_stm32f10x.o(.text), (0 bytes).
    Removing system_stm32f10x.o(.text.SystemInit), (102 bytes).
    Removing system_stm32f10x.o(.ARM.exidx.text.SystemInit), (8 bytes).
    Removing system_stm32f10x.o(.text.SetSysClock), (8 bytes).
    Removing system_stm32f10x.o(.ARM.exidx.text.SetSysClock), (8 bytes).
    Removing system_stm32f10x.o(.text.SystemCoreClockUpdate), (290 bytes).
    Removing system_stm32f10x.o(.ARM.exidx.text.SystemCoreClockUpdate), (8 bytes).
    Removing system_stm32f10x.o(.text.SetSysClockTo72), (290 bytes).
    Removing system_stm32f10x.o(.ARM.exidx.text.SetSysClockTo72), (8 bytes).
    Removing system_stm32f10x.o(.data.SystemCoreClock), (4 bytes).
    Removing system_stm32f10x.o(.rodata.AHBPrescTable), (16 bytes).

214 unused section(s) (total 12140 bytes) removed from the image.

==============================================================================

Image Symbol Table

    Local Symbols

    Symbol Name                              Value     Ov Type        Size  Object(Section)

    ../clib/angel/boardlib.s                 0x00000000   Number         0  boardinit1.o ABSOLUTE
    ../clib/angel/boardlib.s                 0x00000000   Number         0  boardinit2.o ABSOLUTE
    ../clib/angel/boardlib.s                 0x00000000   Number         0  boardinit3.o ABSOLUTE
    ../clib/angel/boardlib.s                 0x00000000   Number         0  boardshut.o ABSOLUTE
    ../clib/angel/handlers.s                 0x00000000   Number         0  __scatter_zi.o ABSOLUTE
    ../clib/angel/kernel.s                   0x00000000   Number         0  __rtentry.o ABSOLUTE
    ../clib/angel/kernel.s                   0x00000000   Number         0  __rtentry2.o ABSOLUTE
    ../clib/angel/kernel.s                   0x00000000   Number         0  __rtentry4.o ABSOLUTE
    ../clib/angel/kernel.s                   0x00000000   Number         0  rtexit.o ABSOLUTE
    ../clib/angel/kernel.s                   0x00000000   Number         0  rtexit2.o ABSOLUTE
    ../clib/angel/rt.s                       0x00000000   Number         0  rt_heap_descriptor.o ABSOLUTE
    ../clib/angel/rt.s                       0x00000000   Number         0  rt_heap_descriptor_intlibspace.o ABSOLUTE
    ../clib/angel/rt.s                       0x00000000   Number         0  rt_raise.o ABSOLUTE
    ../clib/angel/scatter.s                  0x00000000   Number         0  __scatter.o ABSOLUTE
    ../clib/angel/startup.s                  0x00000000   Number         0  __main.o ABSOLUTE
    ../clib/angel/sys.s                      0x00000000   Number         0  mutex_dummy.o ABSOLUTE
    ../clib/angel/sys.s                      0x00000000   Number         0  libspace.o ABSOLUTE
    ../clib/angel/sys.s                      0x00000000   Number         0  use_no_semi.o ABSOLUTE
    ../clib/angel/sys.s                      0x00000000   Number         0  indicate_semi.o ABSOLUTE
    ../clib/angel/sys.s                      0x00000000   Number         0  sys_stackheap_outer.o ABSOLUTE
    ../clib/angel/sysapp.c                   0x00000000   Number         0  sys_command.o ABSOLUTE
    ../clib/angel/sysapp.c                   0x00000000   Number         0  sys_command_hlt.o ABSOLUTE
    ../clib/angel/sysapp.c                   0x00000000   Number         0  sys_exit.o ABSOLUTE
    ../clib/angel/sysapp.c                   0x00000000   Number         0  sys_exit_hlt.o ABSOLUTE
    ../clib/angel/sysapp.c                   0x00000000   Number         0  sys_wrch.o ABSOLUTE
    ../clib/angel/sysapp.c                   0x00000000   Number         0  sys_wrch_hlt.o ABSOLUTE
    ../clib/armsys.c                         0x00000000   Number         0  _get_argv.o ABSOLUTE
    ../clib/armsys.c                         0x00000000   Number         0  argv_veneer.o ABSOLUTE
    ../clib/armsys.c                         0x00000000   Number         0  argv_veneer.o ABSOLUTE
    ../clib/armsys.c                         0x00000000   Number         0  _get_argv_nomalloc.o ABSOLUTE
    ../clib/armsys.c                         0x00000000   Number         0  no_argv.o ABSOLUTE
    ../clib/heap1.c                          0x00000000   Number         0  h1_alloc.o ABSOLUTE
    ../clib/heap1.c                          0x00000000   Number         0  h1_free.o ABSOLUTE
    ../clib/heap1.c                          0x00000000   Number         0  h1_alloc_threads.o ABSOLUTE
    ../clib/heap1.c                          0x00000000   Number         0  h1_free_threads.o ABSOLUTE
    ../clib/heap1.c                          0x00000000   Number         0  h1_init.o ABSOLUTE
    ../clib/heap1.c                          0x00000000   Number         0  h1_init_threads.o ABSOLUTE
    ../clib/heap1.c                          0x00000000   Number         0  h1_extend.o ABSOLUTE
    ../clib/heap1.c                          0x00000000   Number         0  h1_extend_threads.o ABSOLUTE
    ../clib/heap1.c                          0x00000000   Number         0  h1_final.o ABSOLUTE
    ../clib/heap1.c                          0x00000000   Number         0  h1_final_threads.o ABSOLUTE
    ../clib/heap2.c                          0x00000000   Number         0  heap2.o ABSOLUTE
    ../clib/heap2.c                          0x00000000   Number         0  heap2_threads.o ABSOLUTE
    ../clib/heap2.c                          0x00000000   Number         0  fdtree.o ABSOLUTE
    ../clib/heapalloc.c                      0x00000000   Number         0  malloc.o ABSOLUTE
    ../clib/heapalloc.c                      0x00000000   Number         0  free.o ABSOLUTE
    ../clib/heapalloc.c                      0x00000000   Number         0  calloc.o ABSOLUTE
    ../clib/heapalloc.c                      0x00000000   Number         0  hguard.o ABSOLUTE
    ../clib/heapalloc.c                      0x00000000   Number         0  init_alloc.o ABSOLUTE
    ../clib/heapalloc.c                      0x00000000   Number         0  heapstubs.o ABSOLUTE
    ../clib/heapalloc.c                      0x00000000   Number         0  hrguard.o ABSOLUTE
    ../clib/heapalloc.c                      0x00000000   Number         0  term_alloc.o ABSOLUTE
    ../clib/heapaux.c                        0x00000000   Number         0  heapauxi.o ABSOLUTE
    ../clib/heapaux.c                        0x00000000   Number         0  heapauxa.o ABSOLUTE
    ../clib/libinit.s                        0x00000000   Number         0  libinit2.o ABSOLUTE
    ../clib/libinit.s                        0x00000000   Number         0  libinit.o ABSOLUTE
    ../clib/libinit.s                        0x00000000   Number         0  libshutdown2.o ABSOLUTE
    ../clib/libinit.s                        0x00000000   Number         0  libshutdown.o ABSOLUTE
    ../clib/maybe.s                          0x00000000   Number         0  maybetermalloc1.o ABSOLUTE
    ../clib/maybe.s                          0x00000000   Number         0  maybetermalloc2.o ABSOLUTE
    ../clib/memcpset.s                       0x00000000   Number         0  rt_memcpy_w.o ABSOLUTE
    ../clib/memcpset.s                       0x00000000   Number         0  rt_memclr.o ABSOLUTE
    ../clib/memcpset.s                       0x00000000   Number         0  rt_memclr_w.o ABSOLUTE
    ../clib/signal.c                         0x00000000   Number         0  defsig_rtmem_outer.o ABSOLUTE
    ../clib/signal.c                         0x00000000   Number         0  defsig_rtmem_formal.o ABSOLUTE
    ../clib/signal.c                         0x00000000   Number         0  defsig_exit.o ABSOLUTE
    ../clib/signal.c                         0x00000000   Number         0  defsig_rtmem_inner.o ABSOLUTE
    ../clib/signal.c                         0x00000000   Number         0  __raise.o ABSOLUTE
    ../clib/signal.c                         0x00000000   Number         0  defsig_general.o ABSOLUTE
    ../clib/signal.c                         0x00000000   Number         0  defsig_abrt_inner.o ABSOLUTE
    ../clib/signal.c                         0x00000000   Number         0  defsig_fpe_inner.o ABSOLUTE
    ../clib/signal.c                         0x00000000   Number         0  defsig_rtred_inner.o ABSOLUTE
    ../clib/signal.c                         0x00000000   Number         0  defsig_stak_inner.o ABSOLUTE
    ../clib/signal.c                         0x00000000   Number         0  defsig_pvfn_inner.o ABSOLUTE
    ../clib/signal.c                         0x00000000   Number         0  defsig_cppl_inner.o ABSOLUTE
    ../clib/signal.c                         0x00000000   Number         0  defsig_segv_inner.o ABSOLUTE
    ../clib/signal.c                         0x00000000   Number         0  defsig_other.o ABSOLUTE
    ../clib/signal.s                         0x00000000   Number         0  defsig.o ABSOLUTE
    ../clib/stdlib.c                         0x00000000   Number         0  exit.o ABSOLUTE
    ../fplib/d2f.s                           0x00000000   Number         0  d2f.o ABSOLUTE
    ../fplib/daddsub.s                       0x00000000   Number         0  daddsub_clz.o ABSOLUTE
    ../fplib/ddiv.s                          0x00000000   Number         0  ddiv.o ABSOLUTE
    ../fplib/dfix.s                          0x00000000   Number         0  dfix.o ABSOLUTE
    ../fplib/dflt.s                          0x00000000   Number         0  dflt_clz.o ABSOLUTE
    ../fplib/dmul.s                          0x00000000   Number         0  dmul.o ABSOLUTE
    ../fplib/dnaninf.s                       0x00000000   Number         0  dnaninf.o ABSOLUTE
    ../fplib/dretinf.s                       0x00000000   Number         0  dretinf.o ABSOLUTE
    ../fplib/f2d.s                           0x00000000   Number         0  f2d.o ABSOLUTE
    ../fplib/faddsub.s                       0x00000000   Number         0  faddsub_clz.o ABSOLUTE
    ../fplib/fcmp.s                          0x00000000   Number         0  fcmp.o ABSOLUTE
    ../fplib/fcmpi.s                         0x00000000   Number         0  fcmpi.o ABSOLUTE
    ../fplib/feqf.s                          0x00000000   Number         0  feqf.o ABSOLUTE
    ../fplib/ffix.s                          0x00000000   Number         0  ffix.o ABSOLUTE
    ../fplib/fflt.s                          0x00000000   Number         0  fflt_clz.o ABSOLUTE
    ../fplib/fgeqf.s                         0x00000000   Number         0  fgeqf.o ABSOLUTE
    ../fplib/fleqf.s                         0x00000000   Number         0  fleqf.o ABSOLUTE
    ../fplib/fnaninf.s                       0x00000000   Number         0  fnaninf.o ABSOLUTE
    ../fplib/fpinit.s                        0x00000000   Number         0  fpinit.o ABSOLUTE
    ../fplib/fpinit_empty.s                  0x00000000   Number         0  fpinit_empty.o ABSOLUTE
    ../fplib/fretinf.s                       0x00000000   Number         0  fretinf.o ABSOLUTE
    ../fplib/usenofp.s                       0x00000000   Number         0  usenofp.o ABSOLUTE
    Motor_MPU6050_Control.c                  0x00000000   Number         0  motor_mpu6050_control.o ABSOLUTE
    RTE/Device/STM32F103C8/startup_stm32f10x_md.s 0x00000000   Number         0  startup_stm32f10x_md.o ABSOLUTE
    cortexm3_irq.c                           0x00000000   Number         0  cortexm3_irq.o ABSOLUTE
    dc.s                                     0x00000000   Number         0  dc.o ABSOLUTE
    gpio_driver.c                            0x00000000   Number         0  gpio_driver.o ABSOLUTE
    i2c_driver.c                             0x00000000   Number         0  i2c_driver.o ABSOLUTE
    millisecond.c                            0x00000000   Number         0  millisecond.o ABSOLUTE
    motor_driver.c                           0x00000000   Number         0  motor_driver.o ABSOLUTE
    mpu6050_driver.c                         0x00000000   Number         0  mpu6050_driver.o ABSOLUTE
    rcc_driver.c                             0x00000000   Number         0  rcc_driver.o ABSOLUTE
    ringbuffer.c                             0x00000000   Number         0  ringbuffer.o ABSOLUTE
    rtos.c                                   0x00000000   Number         0  rtos.o ABSOLUTE
    system_stm32f10x.c                       0x00000000   Number         0  system_stm32f10x.o ABSOLUTE
    systick_driver.c                         0x00000000   Number         0  systick_driver.o ABSOLUTE
    timer_driver.c                           0x00000000   Number         0  timer_driver.o ABSOLUTE
    ultrasonic.c                             0x00000000   Number         0  ultrasonic.o ABSOLUTE
    usart_driver.c                           0x00000000   Number         0  usart_driver.o ABSOLUTE
    RESET                                    0x08000000   Section      236  startup_stm32f10x_md.o(RESET)
    !!!main                                  0x080000ec   Section        8  __main.o(!!!main)
    !!!scatter                               0x080000f4   Section       92  __scatter.o(!!!scatter)
    !!handler_null                           0x08000150   Section        2  __scatter.o(!!handler_null)
    !!handler_zi                             0x08000154   Section       28  __scatter_zi.o(!!handler_zi)
    .ARM.Collect$$libinit$$00000000          0x08000170   Section        2  libinit.o(.ARM.Collect$$libinit$$00000000)
    .ARM.Collect$$libinit$$00000002          0x08000172   Section        0  libinit2.o(.ARM.Collect$$libinit$$00000002)
    .ARM.Collect$$libinit$$00000004          0x08000172   Section        0  libinit2.o(.ARM.Collect$$libinit$$00000004)
    .ARM.Collect$$libinit$$00000006          0x08000172   Section        0  libinit2.o(.ARM.Collect$$libinit$$00000006)
    .ARM.Collect$$libinit$$00000007          0x08000172   Section        8  libinit2.o(.ARM.Collect$$libinit$$00000007)
    .ARM.Collect$$libinit$$0000000C          0x0800017a   Section        0  libinit2.o(.ARM.Collect$$libinit$$0000000C)
    .ARM.Collect$$libinit$$0000000E          0x0800017a   Section        0  libinit2.o(.ARM.Collect$$libinit$$0000000E)
    .ARM.Collect$$libinit$$00000010          0x0800017a   Section        0  libinit2.o(.ARM.Collect$$libinit$$00000010)
    .ARM.Collect$$libinit$$00000013          0x0800017a   Section        0  libinit2.o(.ARM.Collect$$libinit$$00000013)
    .ARM.Collect$$libinit$$00000015          0x0800017a   Section        0  libinit2.o(.ARM.Collect$$libinit$$00000015)
    .ARM.Collect$$libinit$$00000017          0x0800017a   Section        0  libinit2.o(.ARM.Collect$$libinit$$00000017)
    .ARM.Collect$$libinit$$00000019          0x0800017a   Section        0  libinit2.o(.ARM.Collect$$libinit$$00000019)
    .ARM.Collect$$libinit$$0000001B          0x0800017a   Section        0  libinit2.o(.ARM.Collect$$libinit$$0000001B)
    .ARM.Collect$$libinit$$0000001D          0x0800017a   Section        0  libinit2.o(.ARM.Collect$$libinit$$0000001D)
    .ARM.Collect$$libinit$$0000001F          0x0800017a   Section        0  libinit2.o(.ARM.Collect$$libinit$$0000001F)
    .ARM.Collect$$libinit$$00000021          0x0800017a   Section        0  libinit2.o(.ARM.Collect$$libinit$$00000021)
    .ARM.Collect$$libinit$$00000023          0x0800017a   Section        0  libinit2.o(.ARM.Collect$$libinit$$00000023)
    .ARM.Collect$$libinit$$00000025          0x0800017a   Section        0  libinit2.o(.ARM.Collect$$libinit$$00000025)
    .ARM.Collect$$libinit$$00000027          0x0800017a   Section        0  libinit2.o(.ARM.Collect$$libinit$$00000027)
    .ARM.Collect$$libinit$$0000002E          0x0800017a   Section        0  libinit2.o(.ARM.Collect$$libinit$$0000002E)
    .ARM.Collect$$libinit$$00000030          0x0800017a   Section        0  libinit2.o(.ARM.Collect$$libinit$$00000030)
    .ARM.Collect$$libinit$$00000032          0x0800017a   Section        0  libinit2.o(.ARM.Collect$$libinit$$00000032)
    .ARM.Collect$$libinit$$00000034          0x0800017a   Section        0  libinit2.o(.ARM.Collect$$libinit$$00000034)
    .ARM.Collect$$libinit$$00000035          0x0800017a   Section        2  libinit2.o(.ARM.Collect$$libinit$$00000035)
    .ARM.Collect$$libshutdown$$00000000      0x0800017c   Section        2  libshutdown.o(.ARM.Collect$$libshutdown$$00000000)
    .ARM.Collect$$libshutdown$$00000002      0x0800017e   Section        0  libshutdown2.o(.ARM.Collect$$libshutdown$$00000002)
    .ARM.Collect$$libshutdown$$00000004      0x0800017e   Section        0  libshutdown2.o(.ARM.Collect$$libshutdown$$00000004)
    .ARM.Collect$$libshutdown$$00000007      0x0800017e   Section        0  libshutdown2.o(.ARM.Collect$$libshutdown$$00000007)
    .ARM.Collect$$libshutdown$$0000000A      0x0800017e   Section        0  libshutdown2.o(.ARM.Collect$$libshutdown$$0000000A)
    .ARM.Collect$$libshutdown$$0000000C      0x0800017e   Section        0  libshutdown2.o(.ARM.Collect$$libshutdown$$0000000C)
    .ARM.Collect$$libshutdown$$0000000F      0x0800017e   Section        0  libshutdown2.o(.ARM.Collect$$libshutdown$$0000000F)
    .ARM.Collect$$libshutdown$$00000010      0x0800017e   Section        2  libshutdown2.o(.ARM.Collect$$libshutdown$$00000010)
    .ARM.Collect$$rtentry$$00000000          0x08000180   Section        0  __rtentry.o(.ARM.Collect$$rtentry$$00000000)
    .ARM.Collect$$rtentry$$00000002          0x08000180   Section        0  __rtentry2.o(.ARM.Collect$$rtentry$$00000002)
    .ARM.Collect$$rtentry$$00000004          0x08000180   Section        6  __rtentry4.o(.ARM.Collect$$rtentry$$00000004)
    .ARM.Collect$$rtentry$$00000009          0x08000186   Section        0  __rtentry2.o(.ARM.Collect$$rtentry$$00000009)
    .ARM.Collect$$rtentry$$0000000A          0x08000186   Section        4  __rtentry2.o(.ARM.Collect$$rtentry$$0000000A)
    .ARM.Collect$$rtentry$$0000000C          0x0800018a   Section        0  __rtentry2.o(.ARM.Collect$$rtentry$$0000000C)
    .ARM.Collect$$rtentry$$0000000D          0x0800018a   Section        8  __rtentry2.o(.ARM.Collect$$rtentry$$0000000D)
    .ARM.Collect$$rtexit$$00000000           0x08000192   Section        2  rtexit.o(.ARM.Collect$$rtexit$$00000000)
    .ARM.Collect$$rtexit$$00000002           0x08000194   Section        0  rtexit2.o(.ARM.Collect$$rtexit$$00000002)
    .ARM.Collect$$rtexit$$00000003           0x08000194   Section        4  rtexit2.o(.ARM.Collect$$rtexit$$00000003)
    .ARM.Collect$$rtexit$$00000004           0x08000198   Section        6  rtexit2.o(.ARM.Collect$$rtexit$$00000004)
    .text                                    0x080001a0   Section       64  startup_stm32f10x_md.o(.text)
    .text                                    0x080001e0   Section        0  h1_alloc.o(.text)
    .text                                    0x0800023e   Section        0  h1_free.o(.text)
    .text                                    0x0800028c   Section        0  heapauxi.o(.text)
    .text                                    0x08000294   Section        8  rt_heap_descriptor_intlibspace.o(.text)
    .text                                    0x0800029c   Section        0  hguard.o(.text)
    .text                                    0x080002a0   Section        0  init_alloc.o(.text)
    .text                                    0x0800032a   Section        0  h1_init.o(.text)
    .text                                    0x08000338   Section        8  libspace.o(.text)
    .text                                    0x08000340   Section        0  maybetermalloc1.o(.text)
    .text                                    0x08000340   Section        0  h1_extend.o(.text)
    .text                                    0x08000374   Section        0  defsig_rtmem_outer.o(.text)
    .text                                    0x08000382   Section        2  use_no_semi.o(.text)
    .text                                    0x08000384   Section        0  indicate_semi.o(.text)
    .text                                    0x08000384   Section       74  sys_stackheap_outer.o(.text)
    .text                                    0x080003ce   Section        0  exit.o(.text)
    .text                                    0x080003e0   Section        0  defsig_exit.o(.text)
    .text                                    0x080003ec   Section        0  defsig_rtmem_inner.o(.text)
    .text                                    0x0800043c   Section        0  sys_exit.o(.text)
    .text                                    0x08000448   Section        0  defsig_general.o(.text)
    .text                                    0x0800047a   Section        0  sys_wrch.o(.text)
    [Anonymous Symbol]                       0x08000488   Section        0  rtos.o(.text.Create_IdleTaskStack)
    [Anonymous Symbol]                       0x08000500   Section        0  cortexm3_irq.o(.text.Disable_IRQ)
    [Anonymous Symbol]                       0x0800050c   Section        0  cortexm3_irq.o(.text.Enable_IRQ)
    [Anonymous Symbol]                       0x08000518   Section        0  gpio_driver.o(.text.GPIO_ClockControl)
    [Anonymous Symbol]                       0x08000610   Section        0  gpio_driver.o(.text.GPIO_SetMode)
    [Anonymous Symbol]                       0x080006b8   Section        0  rcc_driver.o(.text.GetAHB_Clock)
    [Anonymous Symbol]                       0x080006c4   Section        0  rcc_driver.o(.text.GetAPB1_Clock)
    [Anonymous Symbol]                       0x080006d0   Section        0  i2c_driver.o(.text.I2C_Init)
    [Anonymous Symbol]                       0x0800092c   Section        0  i2c_driver.o(.text.I2C_MasterReceive)
    [Anonymous Symbol]                       0x08000a94   Section        0  i2c_driver.o(.text.I2C_MasterTransmit)
    [Anonymous Symbol]                       0x08000be0   Section        0  i2c_driver.o(.text.I2C_SendAddress)
    [Anonymous Symbol]                       0x08000d4c   Section        0  i2c_driver.o(.text.I2C_SendStartSignal)
    [Anonymous Symbol]                       0x08000d9c   Section        0  i2c_driver.o(.text.I2C_SendStopSignal)
    MPU6050_I2C_Setup                        0x08000db5   Thumb Code    70  mpu6050_driver.o(.text.MPU6050_I2C_Setup)
    [Anonymous Symbol]                       0x08000db4   Section        0  mpu6050_driver.o(.text.MPU6050_I2C_Setup)
    [Anonymous Symbol]                       0x08000dfc   Section        0  mpu6050_driver.o(.text.MPU6050_Measure_Angle_Rotation)
    [Anonymous Symbol]                       0x08000ed8   Section        0  mpu6050_driver.o(.text.MPU6050_ReadValue)
    [Anonymous Symbol]                       0x08000f44   Section        0  mpu6050_driver.o(.text.MPU6050_Setfilter)
    [Anonymous Symbol]                       0x08001028   Section        0  mpu6050_driver.o(.text.MPU6050_Setup)
    [Anonymous Symbol]                       0x0800115c   Section        0  rtos.o(.text.PendSV_Handler)
    [Anonymous Symbol]                       0x08001184   Section        0  rtos.o(.text.RTOS_Get_PSPValue)
    [Anonymous Symbol]                       0x080011a0   Section        0  rtos.o(.text.RTOS_Save_PSPValue)
    [Anonymous Symbol]                       0x080011c4   Section        0  rtos.o(.text.RTOS_Update_NextTask)
    SetPLLCLK_HSE                            0x08001279   Thumb Code   128  rcc_driver.o(.text.SetPLLCLK_HSE)
    [Anonymous Symbol]                       0x08001278   Section        0  rcc_driver.o(.text.SetPLLCLK_HSE)
    SetSysCLK                                0x080012f9   Thumb Code    82  rcc_driver.o(.text.SetSysCLK)
    [Anonymous Symbol]                       0x080012f8   Section        0  rcc_driver.o(.text.SetSysCLK)
    SysCLK_PreScaler                         0x0800134d   Thumb Code    42  rcc_driver.o(.text.SysCLK_PreScaler)
    [Anonymous Symbol]                       0x0800134c   Section        0  rcc_driver.o(.text.SysCLK_PreScaler)
    [Anonymous Symbol]                       0x08001378   Section        0  systick_driver.o(.text.SysTick_DelayMs)
    [Anonymous Symbol]                       0x08001404   Section        0  cortexm3_irq.o(.text.SystemPending_PENSV)
    [Anonymous Symbol]                       0x08001420   Section        0  rcc_driver.o(.text.System_Init)
    [Anonymous Symbol]                       0x08001428   Section        0  systick_driver.o(.text.SystickTimer_Init)
    [Anonymous Symbol]                       0x08001450   Section        0  rtos.o(.text.TIM4_IRQHandler)
    [Anonymous Symbol]                       0x080014b4   Section        0  usart_driver.o(.text.USART1_IRQHandler)
    [Anonymous Symbol]                       0x080015e4   Section        0  usart_driver.o(.text.USART2_IRQHandler)
    [Anonymous Symbol]                       0x08001714   Section        0  usart_driver.o(.text.USART3_IRQHandler)
    [Anonymous Symbol]                       0x08001844   Section        0  rtos.o(.text.UnBlock_Task)
    [Anonymous Symbol]                       0x080018cc   Section        0  motor_mpu6050_control.o(.text.main)
    x$fpl$d2f                                0x0800193c   Section       98  d2f.o(x$fpl$d2f)
    x$fpl$dadd                               0x080019a0   Section      336  daddsub_clz.o(x$fpl$dadd)
    _dadd1                                   0x080019b1   Thumb Code     0  daddsub_clz.o(x$fpl$dadd)
    x$fpl$ddiv                               0x08001af0   Section      692  ddiv.o(x$fpl$ddiv)
    ddiv_entry                               0x08001af7   Thumb Code     0  ddiv.o(x$fpl$ddiv)
    x$fpl$dfix                               0x08001da4   Section       94  dfix.o(x$fpl$dfix)
    x$fpl$dflt                               0x08001e02   Section       46  dflt_clz.o(x$fpl$dflt)
    x$fpl$dmul                               0x08001e30   Section      340  dmul.o(x$fpl$dmul)
    x$fpl$dnaninf                            0x08001f84   Section      156  dnaninf.o(x$fpl$dnaninf)
    x$fpl$dretinf                            0x08002020   Section       12  dretinf.o(x$fpl$dretinf)
    x$fpl$dsub                               0x0800202c   Section      476  daddsub_clz.o(x$fpl$dsub)
    _dsub1                                   0x0800203d   Thumb Code     0  daddsub_clz.o(x$fpl$dsub)
    x$fpl$f2d                                0x08002208   Section       86  f2d.o(x$fpl$f2d)
    x$fpl$fadd                               0x08002260   Section      196  faddsub_clz.o(x$fpl$fadd)
    _fadd1                                   0x0800226f   Thumb Code     0  faddsub_clz.o(x$fpl$fadd)
    x$fpl$fnaninf                            0x08002324   Section      140  fnaninf.o(x$fpl$fnaninf)
    x$fpl$fretinf                            0x080023b0   Section       10  fretinf.o(x$fpl$fretinf)
    x$fpl$fsub                               0x080023bc   Section      234  faddsub_clz.o(x$fpl$fsub)
    _fsub1                                   0x080023cb   Thumb Code     0  faddsub_clz.o(x$fpl$fsub)
    x$fpl$usenofp                            0x080024a6   Section        0  usenofp.o(x$fpl$usenofp)
    .bss                                     0x20000000   Section       96  libspace.o(.bss)
    HCLK                                     0x20000068   Data           4  systick_driver.o(.bss.HCLK)
    [Anonymous Symbol]                       0x20000068   Section        0  systick_driver.o(.bss.HCLK)
    RTOS_Number_TaskNode                     0x20000070   Data           1  rtos.o(.bss.RTOS_Number_TaskNode)
    [Anonymous Symbol]                       0x20000070   Section        0  rtos.o(.bss.RTOS_Number_TaskNode)
    RTOS_Tick                                0x20000072   Data           2  rtos.o(.bss.RTOS_Tick)
    [Anonymous Symbol]                       0x20000072   Section        0  rtos.o(.bss.RTOS_Tick)
    TIM4_IRQHandler.Count_To_Create_IdleTaskStack 0x20000074   Data           1  rtos.o(.bss.TIM4_IRQHandler.Count_To_Create_IdleTaskStack)
    [Anonymous Symbol]                       0x20000074   Section        0  rtos.o(.bss.TIM4_IRQHandler.Count_To_Create_IdleTaskStack)
    Task_CurrentNode                         0x20000075   Data           1  rtos.o(.bss.Task_CurrentNode)
    [Anonymous Symbol]                       0x20000075   Section        0  rtos.o(.bss.Task_CurrentNode)
    Task_Node                                0x20000078   Data          24  rtos.o(.bss.Task_Node)
    [Anonymous Symbol]                       0x20000078   Section        0  rtos.o(.bss.Task_Node)
    Heap_Mem                                 0x20000090   Data        2560  startup_stm32f10x_md.o(HEAP)
    HEAP                                     0x20000090   Section     2560  startup_stm32f10x_md.o(HEAP)
    Stack_Mem                                0x20000a90   Data       10240  startup_stm32f10x_md.o(STACK)
    STACK                                    0x20000a90   Section    10240  startup_stm32f10x_md.o(STACK)
    __initial_sp                             0x20003290   Data           0  startup_stm32f10x_md.o(STACK)

    Global Symbols

    Symbol Name                              Value     Ov Type        Size  Object(Section)

    BuildAttributes$$THM_ISAv4$P$D$K$B$S$PE$A:L22UL41UL21$X:L11$S22US41US21$IEEE1$IW$~IW$USESV6$~STKCKD$USESV7$~SHL$OTIME$ROPI$EBA8$UX$STANDARDLIB$REQ8$PRES8$EABIv2 0x00000000   Number         0  anon$$obj.o ABSOLUTE
    __fp_init_empty                          0x00000000   Number         0  fpinit_empty.o ABSOLUTE
    __ARM_exceptions_init                     - Undefined Weak Reference
    __alloca_initialize                       - Undefined Weak Reference
    __arm_preinit_                            - Undefined Weak Reference
    __arm_relocate_pie_                       - Undefined Weak Reference
    __cpp_initialize__aeabi_                  - Undefined Weak Reference
    __cxa_finalize                            - Undefined Weak Reference
    __rt_locale                               - Undefined Weak Reference
    __sigvec_lookup                           - Undefined Weak Reference
    __user_heap_extent                        - Undefined Weak Reference
    _atexit_init                              - Undefined Weak Reference
    _call_atexit_fns                          - Undefined Weak Reference
    _clock_init                               - Undefined Weak Reference
    _fp_trap_init                             - Undefined Weak Reference
    _fp_trap_shutdown                         - Undefined Weak Reference
    _get_lc_collate                           - Undefined Weak Reference
    _get_lc_ctype                             - Undefined Weak Reference
    _get_lc_monetary                          - Undefined Weak Reference
    _get_lc_numeric                           - Undefined Weak Reference
    _get_lc_time                              - Undefined Weak Reference
    _getenv_init                              - Undefined Weak Reference
    _handle_redirection                       - Undefined Weak Reference
    _initio                                   - Undefined Weak Reference
    _mutex_acquire                            - Undefined Weak Reference
    _mutex_free                               - Undefined Weak Reference
    _mutex_release                            - Undefined Weak Reference
    _rand_init                                - Undefined Weak Reference
    _signal_finish                            - Undefined Weak Reference
    _signal_init                              - Undefined Weak Reference
    _terminateio                              - Undefined Weak Reference
    __Vectors_Size                           0x000000ec   Number         0  startup_stm32f10x_md.o ABSOLUTE
    __Vectors                                0x08000000   Data           4  startup_stm32f10x_md.o(RESET)
    __Vectors_End                            0x080000ec   Data           0  startup_stm32f10x_md.o(RESET)
    __main                                   0x080000ed   Thumb Code     8  __main.o(!!!main)
    __scatterload                            0x080000f5   Thumb Code     0  __scatter.o(!!!scatter)
    __scatterload_rt2                        0x080000f5   Thumb Code    84  __scatter.o(!!!scatter)
    __scatterload_rt2_thumb_only             0x080000f5   Thumb Code     0  __scatter.o(!!!scatter)
    __scatterload_loop                       0x080000ff   Thumb Code     0  __scatter.o(!!!scatter)
    __scatterload_null                       0x08000151   Thumb Code     2  __scatter.o(!!handler_null)
    __scatterload_zeroinit                   0x08000155   Thumb Code    28  __scatter_zi.o(!!handler_zi)
    __rt_lib_init                            0x08000171   Thumb Code     0  libinit.o(.ARM.Collect$$libinit$$00000000)
    __rt_lib_init_fp_1                       0x08000173   Thumb Code     0  libinit2.o(.ARM.Collect$$libinit$$00000002)
    __rt_lib_init_heap_2                     0x08000173   Thumb Code     0  libinit2.o(.ARM.Collect$$libinit$$00000007)
    __rt_lib_init_preinit_1                  0x08000173   Thumb Code     0  libinit2.o(.ARM.Collect$$libinit$$00000006)
    __rt_lib_init_relocate_pie_1             0x08000173   Thumb Code     0  libinit2.o(.ARM.Collect$$libinit$$00000004)
    __rt_lib_init_alloca_1                   0x0800017b   Thumb Code     0  libinit2.o(.ARM.Collect$$libinit$$00000030)
    __rt_lib_init_argv_1                     0x0800017b   Thumb Code     0  libinit2.o(.ARM.Collect$$libinit$$0000002E)
    __rt_lib_init_atexit_1                   0x0800017b   Thumb Code     0  libinit2.o(.ARM.Collect$$libinit$$0000001D)
    __rt_lib_init_clock_1                    0x0800017b   Thumb Code     0  libinit2.o(.ARM.Collect$$libinit$$00000023)
    __rt_lib_init_cpp_1                      0x0800017b   Thumb Code     0  libinit2.o(.ARM.Collect$$libinit$$00000034)
    __rt_lib_init_exceptions_1               0x0800017b   Thumb Code     0  libinit2.o(.ARM.Collect$$libinit$$00000032)
    __rt_lib_init_fp_trap_1                  0x0800017b   Thumb Code     0  libinit2.o(.ARM.Collect$$libinit$$00000021)
    __rt_lib_init_getenv_1                   0x0800017b   Thumb Code     0  libinit2.o(.ARM.Collect$$libinit$$00000025)
    __rt_lib_init_heap_1                     0x0800017b   Thumb Code     0  libinit2.o(.ARM.Collect$$libinit$$0000000C)
    __rt_lib_init_lc_collate_1               0x0800017b   Thumb Code     0  libinit2.o(.ARM.Collect$$libinit$$00000013)
    __rt_lib_init_lc_ctype_1                 0x0800017b   Thumb Code     0  libinit2.o(.ARM.Collect$$libinit$$00000015)
    __rt_lib_init_lc_monetary_1              0x0800017b   Thumb Code     0  libinit2.o(.ARM.Collect$$libinit$$00000017)
    __rt_lib_init_lc_numeric_1               0x0800017b   Thumb Code     0  libinit2.o(.ARM.Collect$$libinit$$00000019)
    __rt_lib_init_lc_time_1                  0x0800017b   Thumb Code     0  libinit2.o(.ARM.Collect$$libinit$$0000001B)
    __rt_lib_init_rand_1                     0x0800017b   Thumb Code     0  libinit2.o(.ARM.Collect$$libinit$$00000010)
    __rt_lib_init_return                     0x0800017b   Thumb Code     0  libinit2.o(.ARM.Collect$$libinit$$00000035)
    __rt_lib_init_signal_1                   0x0800017b   Thumb Code     0  libinit2.o(.ARM.Collect$$libinit$$0000001F)
    __rt_lib_init_stdio_1                    0x0800017b   Thumb Code     0  libinit2.o(.ARM.Collect$$libinit$$00000027)
    __rt_lib_init_user_alloc_1               0x0800017b   Thumb Code     0  libinit2.o(.ARM.Collect$$libinit$$0000000E)
    __rt_lib_shutdown                        0x0800017d   Thumb Code     0  libshutdown.o(.ARM.Collect$$libshutdown$$00000000)
    __rt_lib_shutdown_cpp_1                  0x0800017f   Thumb Code     0  libshutdown2.o(.ARM.Collect$$libshutdown$$00000002)
    __rt_lib_shutdown_fp_trap_1              0x0800017f   Thumb Code     0  libshutdown2.o(.ARM.Collect$$libshutdown$$00000007)
    __rt_lib_shutdown_heap_1                 0x0800017f   Thumb Code     0  libshutdown2.o(.ARM.Collect$$libshutdown$$0000000F)
    __rt_lib_shutdown_return                 0x0800017f   Thumb Code     0  libshutdown2.o(.ARM.Collect$$libshutdown$$00000010)
    __rt_lib_shutdown_signal_1               0x0800017f   Thumb Code     0  libshutdown2.o(.ARM.Collect$$libshutdown$$0000000A)
    __rt_lib_shutdown_stdio_1                0x0800017f   Thumb Code     0  libshutdown2.o(.ARM.Collect$$libshutdown$$00000004)
    __rt_lib_shutdown_user_alloc_1           0x0800017f   Thumb Code     0  libshutdown2.o(.ARM.Collect$$libshutdown$$0000000C)
    __rt_entry                               0x08000181   Thumb Code     0  __rtentry.o(.ARM.Collect$$rtentry$$00000000)
    __rt_entry_presh_1                       0x08000181   Thumb Code     0  __rtentry2.o(.ARM.Collect$$rtentry$$00000002)
    __rt_entry_sh                            0x08000181   Thumb Code     0  __rtentry4.o(.ARM.Collect$$rtentry$$00000004)
    __rt_entry_li                            0x08000187   Thumb Code     0  __rtentry2.o(.ARM.Collect$$rtentry$$0000000A)
    __rt_entry_postsh_1                      0x08000187   Thumb Code     0  __rtentry2.o(.ARM.Collect$$rtentry$$00000009)
    __rt_entry_main                          0x0800018b   Thumb Code     0  __rtentry2.o(.ARM.Collect$$rtentry$$0000000D)
    __rt_entry_postli_1                      0x0800018b   Thumb Code     0  __rtentry2.o(.ARM.Collect$$rtentry$$0000000C)
    __rt_exit                                0x08000193   Thumb Code     0  rtexit.o(.ARM.Collect$$rtexit$$00000000)
    __rt_exit_ls                             0x08000195   Thumb Code     0  rtexit2.o(.ARM.Collect$$rtexit$$00000003)
    __rt_exit_prels_1                        0x08000195   Thumb Code     0  rtexit2.o(.ARM.Collect$$rtexit$$00000002)
    __rt_exit_exit                           0x08000199   Thumb Code     0  rtexit2.o(.ARM.Collect$$rtexit$$00000004)
    Reset_Handler                            0x080001a1   Thumb Code     8  startup_stm32f10x_md.o(.text)
    NMI_Handler                              0x080001a9   Thumb Code     2  startup_stm32f10x_md.o(.text)
    HardFault_Handler                        0x080001ab   Thumb Code     2  startup_stm32f10x_md.o(.text)
    MemManage_Handler                        0x080001ad   Thumb Code     2  startup_stm32f10x_md.o(.text)
    BusFault_Handler                         0x080001af   Thumb Code     2  startup_stm32f10x_md.o(.text)
    UsageFault_Handler                       0x080001b1   Thumb Code     2  startup_stm32f10x_md.o(.text)
    SVC_Handler                              0x080001b3   Thumb Code     2  startup_stm32f10x_md.o(.text)
    DebugMon_Handler                         0x080001b5   Thumb Code     2  startup_stm32f10x_md.o(.text)
    SysTick_Handler                          0x080001b9   Thumb Code     2  startup_stm32f10x_md.o(.text)
    ADC1_2_IRQHandler                        0x080001bb   Thumb Code     0  startup_stm32f10x_md.o(.text)
    CAN1_RX1_IRQHandler                      0x080001bb   Thumb Code     0  startup_stm32f10x_md.o(.text)
    CAN1_SCE_IRQHandler                      0x080001bb   Thumb Code     0  startup_stm32f10x_md.o(.text)
    DMA1_Channel1_IRQHandler                 0x080001bb   Thumb Code     0  startup_stm32f10x_md.o(.text)
    DMA1_Channel2_IRQHandler                 0x080001bb   Thumb Code     0  startup_stm32f10x_md.o(.text)
    DMA1_Channel3_IRQHandler                 0x080001bb   Thumb Code     0  startup_stm32f10x_md.o(.text)
    DMA1_Channel4_IRQHandler                 0x080001bb   Thumb Code     0  startup_stm32f10x_md.o(.text)
    DMA1_Channel5_IRQHandler                 0x080001bb   Thumb Code     0  startup_stm32f10x_md.o(.text)
    DMA1_Channel6_IRQHandler                 0x080001bb   Thumb Code     0  startup_stm32f10x_md.o(.text)
    DMA1_Channel7_IRQHandler                 0x080001bb   Thumb Code     0  startup_stm32f10x_md.o(.text)
    EXTI0_IRQHandler                         0x080001bb   Thumb Code     0  startup_stm32f10x_md.o(.text)
    EXTI15_10_IRQHandler                     0x080001bb   Thumb Code     0  startup_stm32f10x_md.o(.text)
    EXTI1_IRQHandler                         0x080001bb   Thumb Code     0  startup_stm32f10x_md.o(.text)
    EXTI2_IRQHandler                         0x080001bb   Thumb Code     0  startup_stm32f10x_md.o(.text)
    EXTI3_IRQHandler                         0x080001bb   Thumb Code     0  startup_stm32f10x_md.o(.text)
    EXTI4_IRQHandler                         0x080001bb   Thumb Code     0  startup_stm32f10x_md.o(.text)
    EXTI9_5_IRQHandler                       0x080001bb   Thumb Code     0  startup_stm32f10x_md.o(.text)
    FLASH_IRQHandler                         0x080001bb   Thumb Code     0  startup_stm32f10x_md.o(.text)
    I2C1_ER_IRQHandler                       0x080001bb   Thumb Code     0  startup_stm32f10x_md.o(.text)
    I2C1_EV_IRQHandler                       0x080001bb   Thumb Code     0  startup_stm32f10x_md.o(.text)
    I2C2_ER_IRQHandler                       0x080001bb   Thumb Code     0  startup_stm32f10x_md.o(.text)
    I2C2_EV_IRQHandler                       0x080001bb   Thumb Code     0  startup_stm32f10x_md.o(.text)
    PVD_IRQHandler                           0x080001bb   Thumb Code     0  startup_stm32f10x_md.o(.text)
    RCC_IRQHandler                           0x080001bb   Thumb Code     0  startup_stm32f10x_md.o(.text)
    RTCAlarm_IRQHandler                      0x080001bb   Thumb Code     0  startup_stm32f10x_md.o(.text)
    RTC_IRQHandler                           0x080001bb   Thumb Code     0  startup_stm32f10x_md.o(.text)
    SPI1_IRQHandler                          0x080001bb   Thumb Code     0  startup_stm32f10x_md.o(.text)
    SPI2_IRQHandler                          0x080001bb   Thumb Code     0  startup_stm32f10x_md.o(.text)
    TAMPER_IRQHandler                        0x080001bb   Thumb Code     0  startup_stm32f10x_md.o(.text)
    TIM1_BRK_IRQHandler                      0x080001bb   Thumb Code     0  startup_stm32f10x_md.o(.text)
    TIM1_CC_IRQHandler                       0x080001bb   Thumb Code     0  startup_stm32f10x_md.o(.text)
    TIM1_TRG_COM_IRQHandler                  0x080001bb   Thumb Code     0  startup_stm32f10x_md.o(.text)
    TIM1_UP_IRQHandler                       0x080001bb   Thumb Code     0  startup_stm32f10x_md.o(.text)
    TIM2_IRQHandler                          0x080001bb   Thumb Code     0  startup_stm32f10x_md.o(.text)
    TIM3_IRQHandler                          0x080001bb   Thumb Code     0  startup_stm32f10x_md.o(.text)
    USBWakeUp_IRQHandler                     0x080001bb   Thumb Code     0  startup_stm32f10x_md.o(.text)
    USB_HP_CAN1_TX_IRQHandler                0x080001bb   Thumb Code     0  startup_stm32f10x_md.o(.text)
    USB_LP_CAN1_RX0_IRQHandler               0x080001bb   Thumb Code     0  startup_stm32f10x_md.o(.text)
    WWDG_IRQHandler                          0x080001bb   Thumb Code     0  startup_stm32f10x_md.o(.text)
    __user_initial_stackheap                 0x080001bd   Thumb Code     0  startup_stm32f10x_md.o(.text)
    malloc                                   0x080001e1   Thumb Code    94  h1_alloc.o(.text)
    free                                     0x0800023f   Thumb Code    78  h1_free.o(.text)
    __use_two_region_memory                  0x0800028d   Thumb Code     2  heapauxi.o(.text)
    __rt_heap_escrow                         0x0800028f   Thumb Code     2  heapauxi.o(.text)
    __rt_heap_expand                         0x08000291   Thumb Code     2  heapauxi.o(.text)
    __rt_heap_descriptor                     0x08000295   Thumb Code     8  rt_heap_descriptor_intlibspace.o(.text)
    __use_no_heap                            0x0800029d   Thumb Code     2  hguard.o(.text)
    __heap$guard                             0x0800029f   Thumb Code     2  hguard.o(.text)
    _terminate_user_alloc                    0x080002a1   Thumb Code     2  init_alloc.o(.text)
    _init_user_alloc                         0x080002a3   Thumb Code     2  init_alloc.o(.text)
    __Heap_Full                              0x080002a5   Thumb Code    34  init_alloc.o(.text)
    __Heap_Broken                            0x080002c7   Thumb Code     6  init_alloc.o(.text)
    _init_alloc                              0x080002cd   Thumb Code    94  init_alloc.o(.text)
    __Heap_Initialize                        0x0800032b   Thumb Code     8  h1_init.o(.text)
    __Heap_DescSize                          0x08000333   Thumb Code     4  h1_init.o(.text)
    __user_libspace                          0x08000339   Thumb Code     8  libspace.o(.text)
    __user_perproc_libspace                  0x08000339   Thumb Code     0  libspace.o(.text)
    __user_perthread_libspace                0x08000339   Thumb Code     0  libspace.o(.text)
    __Heap_ProvideMemory                     0x08000341   Thumb Code    52  h1_extend.o(.text)
    _maybe_terminate_alloc                   0x08000341   Thumb Code     0  maybetermalloc1.o(.text)
    __rt_SIGRTMEM                            0x08000375   Thumb Code    14  defsig_rtmem_outer.o(.text)
    __I$use$semihosting                      0x08000383   Thumb Code     0  use_no_semi.o(.text)
    __use_no_semihosting_swi                 0x08000383   Thumb Code     2  use_no_semi.o(.text)
    __semihosting_library_function           0x08000385   Thumb Code     0  indicate_semi.o(.text)
    __user_setup_stackheap                   0x08000385   Thumb Code    74  sys_stackheap_outer.o(.text)
    exit                                     0x080003cf   Thumb Code    18  exit.o(.text)
    __sig_exit                               0x080003e1   Thumb Code    10  defsig_exit.o(.text)
    __rt_SIGRTMEM_inner                      0x080003ed   Thumb Code    22  defsig_rtmem_inner.o(.text)
    _sys_exit                                0x0800043d   Thumb Code     8  sys_exit.o(.text)
    __default_signal_display                 0x08000449   Thumb Code    50  defsig_general.o(.text)
    _ttywrch                                 0x0800047b   Thumb Code    14  sys_wrch.o(.text)
    Create_IdleTaskStack                     0x08000489   Thumb Code   120  rtos.o(.text.Create_IdleTaskStack)
    Disable_IRQ                              0x08000501   Thumb Code    10  cortexm3_irq.o(.text.Disable_IRQ)
    Enable_IRQ                               0x0800050d   Thumb Code    10  cortexm3_irq.o(.text.Enable_IRQ)
    GPIO_ClockControl                        0x08000519   Thumb Code   248  gpio_driver.o(.text.GPIO_ClockControl)
    GPIO_SetMode                             0x08000611   Thumb Code   166  gpio_driver.o(.text.GPIO_SetMode)
    GetAHB_Clock                             0x080006b9   Thumb Code    10  rcc_driver.o(.text.GetAHB_Clock)
    GetAPB1_Clock                            0x080006c5   Thumb Code    10  rcc_driver.o(.text.GetAPB1_Clock)
    I2C_Init                                 0x080006d1   Thumb Code   602  i2c_driver.o(.text.I2C_Init)
    I2C_MasterReceive                        0x0800092d   Thumb Code   358  i2c_driver.o(.text.I2C_MasterReceive)
    I2C_MasterTransmit                       0x08000a95   Thumb Code   330  i2c_driver.o(.text.I2C_MasterTransmit)
    I2C_SendAddress                          0x08000be1   Thumb Code   362  i2c_driver.o(.text.I2C_SendAddress)
    I2C_SendStartSignal                      0x08000d4d   Thumb Code    78  i2c_driver.o(.text.I2C_SendStartSignal)
    I2C_SendStopSignal                       0x08000d9d   Thumb Code    24  i2c_driver.o(.text.I2C_SendStopSignal)
    MPU6050_Measure_Angle_Rotation           0x08000dfd   Thumb Code   218  mpu6050_driver.o(.text.MPU6050_Measure_Angle_Rotation)
    MPU6050_ReadValue                        0x08000ed9   Thumb Code   106  mpu6050_driver.o(.text.MPU6050_ReadValue)
    MPU6050_Setfilter                        0x08000f45   Thumb Code   228  mpu6050_driver.o(.text.MPU6050_Setfilter)
    MPU6050_Setup                            0x08001029   Thumb Code   308  mpu6050_driver.o(.text.MPU6050_Setup)
    PendSV_Handler                           0x0800115d   Thumb Code    38  rtos.o(.text.PendSV_Handler)
    RTOS_Get_PSPValue                        0x08001185   Thumb Code    26  rtos.o(.text.RTOS_Get_PSPValue)
    RTOS_Save_PSPValue                       0x080011a1   Thumb Code    34  rtos.o(.text.RTOS_Save_PSPValue)
    RTOS_Update_NextTask                     0x080011c5   Thumb Code   178  rtos.o(.text.RTOS_Update_NextTask)
    SysTick_DelayMs                          0x08001379   Thumb Code   138  systick_driver.o(.text.SysTick_DelayMs)
    SystemPending_PENSV                      0x08001405   Thumb Code    26  cortexm3_irq.o(.text.SystemPending_PENSV)
    System_Init                              0x08001421   Thumb Code     8  rcc_driver.o(.text.System_Init)
    SystickTimer_Init                        0x08001429   Thumb Code    38  systick_driver.o(.text.SystickTimer_Init)
    TIM4_IRQHandler                          0x08001451   Thumb Code   100  rtos.o(.text.TIM4_IRQHandler)
    USART1_IRQHandler                        0x080014b5   Thumb Code   304  usart_driver.o(.text.USART1_IRQHandler)
    USART2_IRQHandler                        0x080015e5   Thumb Code   304  usart_driver.o(.text.USART2_IRQHandler)
    USART3_IRQHandler                        0x08001715   Thumb Code   304  usart_driver.o(.text.USART3_IRQHandler)
    UnBlock_Task                             0x08001845   Thumb Code   136  rtos.o(.text.UnBlock_Task)
    main                                     0x080018cd   Thumb Code   110  motor_mpu6050_control.o(.text.main)
    __aeabi_d2f                              0x0800193d   Thumb Code     0  d2f.o(x$fpl$d2f)
    _d2f                                     0x0800193d   Thumb Code    98  d2f.o(x$fpl$d2f)
    __aeabi_dadd                             0x080019a1   Thumb Code     0  daddsub_clz.o(x$fpl$dadd)
    _dadd                                    0x080019a1   Thumb Code   332  daddsub_clz.o(x$fpl$dadd)
    __aeabi_ddiv                             0x08001af1   Thumb Code     0  ddiv.o(x$fpl$ddiv)
    _ddiv                                    0x08001af1   Thumb Code   556  ddiv.o(x$fpl$ddiv)
    __aeabi_d2iz                             0x08001da5   Thumb Code     0  dfix.o(x$fpl$dfix)
    _dfix                                    0x08001da5   Thumb Code    94  dfix.o(x$fpl$dfix)
    __aeabi_i2d                              0x08001e03   Thumb Code     0  dflt_clz.o(x$fpl$dflt)
    _dflt                                    0x08001e03   Thumb Code    46  dflt_clz.o(x$fpl$dflt)
    __aeabi_dmul                             0x08001e31   Thumb Code     0  dmul.o(x$fpl$dmul)
    _dmul                                    0x08001e31   Thumb Code   332  dmul.o(x$fpl$dmul)
    __fpl_dnaninf                            0x08001f85   Thumb Code   156  dnaninf.o(x$fpl$dnaninf)
    __fpl_dretinf                            0x08002021   Thumb Code    12  dretinf.o(x$fpl$dretinf)
    __aeabi_dsub                             0x0800202d   Thumb Code     0  daddsub_clz.o(x$fpl$dsub)
    _dsub                                    0x0800202d   Thumb Code   472  daddsub_clz.o(x$fpl$dsub)
    __aeabi_f2d                              0x08002209   Thumb Code     0  f2d.o(x$fpl$f2d)
    _f2d                                     0x08002209   Thumb Code    86  f2d.o(x$fpl$f2d)
    __aeabi_fadd                             0x08002261   Thumb Code     0  faddsub_clz.o(x$fpl$fadd)
    _fadd                                    0x08002261   Thumb Code   196  faddsub_clz.o(x$fpl$fadd)
    __fpl_fnaninf                            0x08002325   Thumb Code   140  fnaninf.o(x$fpl$fnaninf)
    __fpl_fretinf                            0x080023b1   Thumb Code    10  fretinf.o(x$fpl$fretinf)
    __aeabi_fsub                             0x080023bd   Thumb Code     0  faddsub_clz.o(x$fpl$fsub)
    _fsub                                    0x080023bd   Thumb Code   234  faddsub_clz.o(x$fpl$fsub)
    __I$use$fp                               0x080024a6   Number         0  usenofp.o(x$fpl$usenofp)
    Region$$Table$$Base                      0x080024a8   Number         0  anon$$obj.o(Region$$Table)
    Region$$Table$$Limit                     0x080024b8   Number         0  anon$$obj.o(Region$$Table)
    __libspace_start                         0x20000000   Data          96  libspace.o(.bss)
    Angle                                    0x20000060   Data           2  motor_mpu6050_control.o(.bss.Angle)
    __temporary_stack_top$libspace           0x20000060   Data           0  libspace.o(.bss)
    Begin_Value                              0x20000062   Data           2  motor_mpu6050_control.o(.bss.Begin_Value)
    Filter_Value                             0x20000064   Data           4  motor_mpu6050_control.o(.bss.Filter_Value)
    Handler_CallBack                         0x2000006c   Data           4  usart_driver.o(.bss.Handler_CallBack)



==============================================================================

Memory Map of the image

  Image Entry point : 0x080000ed

  Load Region LR_IROM1 (Base: 0x08000000, Size: 0x000024b8, Max: 0x00010000, ABSOLUTE)

    Execution Region ER_IROM1 (Exec base: 0x08000000, Load base: 0x08000000, Size: 0x000024b8, Max: 0x00010000, ABSOLUTE)

    Exec Addr    Load Addr    Size         Type   Attr      Idx    E Section Name        Object

    0x08000000   0x08000000   0x000000ec   Data   RO          334    RESET               startup_stm32f10x_md.o
    0x080000ec   0x080000ec   0x00000008   Code   RO          426  * !!!main             c_w.l(__main.o)
    0x080000f4   0x080000f4   0x0000005c   Code   RO          700    !!!scatter          c_w.l(__scatter.o)
    0x08000150   0x08000150   0x00000002   Code   RO          701    !!handler_null      c_w.l(__scatter.o)
    0x08000152   0x08000152   0x00000002   PAD
    0x08000154   0x08000154   0x0000001c   Code   RO          704    !!handler_zi        c_w.l(__scatter_zi.o)
    0x08000170   0x08000170   0x00000002   Code   RO          635    .ARM.Collect$$libinit$$00000000  c_w.l(libinit.o)
    0x08000172   0x08000172   0x00000000   Code   RO          505    .ARM.Collect$$libinit$$00000002  c_w.l(libinit2.o)
    0x08000172   0x08000172   0x00000000   Code   RO          507    .ARM.Collect$$libinit$$00000004  c_w.l(libinit2.o)
    0x08000172   0x08000172   0x00000000   Code   RO          509    .ARM.Collect$$libinit$$00000006  c_w.l(libinit2.o)
    0x08000172   0x08000172   0x00000008   Code   RO          510    .ARM.Collect$$libinit$$00000007  c_w.l(libinit2.o)
    0x0800017a   0x0800017a   0x00000000   Code   RO          512    .ARM.Collect$$libinit$$0000000C  c_w.l(libinit2.o)
    0x0800017a   0x0800017a   0x00000000   Code   RO          514    .ARM.Collect$$libinit$$0000000E  c_w.l(libinit2.o)
    0x0800017a   0x0800017a   0x00000000   Code   RO          516    .ARM.Collect$$libinit$$00000010  c_w.l(libinit2.o)
    0x0800017a   0x0800017a   0x00000000   Code   RO          519    .ARM.Collect$$libinit$$00000013  c_w.l(libinit2.o)
    0x0800017a   0x0800017a   0x00000000   Code   RO          521    .ARM.Collect$$libinit$$00000015  c_w.l(libinit2.o)
    0x0800017a   0x0800017a   0x00000000   Code   RO          523    .ARM.Collect$$libinit$$00000017  c_w.l(libinit2.o)
    0x0800017a   0x0800017a   0x00000000   Code   RO          525    .ARM.Collect$$libinit$$00000019  c_w.l(libinit2.o)
    0x0800017a   0x0800017a   0x00000000   Code   RO          527    .ARM.Collect$$libinit$$0000001B  c_w.l(libinit2.o)
    0x0800017a   0x0800017a   0x00000000   Code   RO          529    .ARM.Collect$$libinit$$0000001D  c_w.l(libinit2.o)
    0x0800017a   0x0800017a   0x00000000   Code   RO          531    .ARM.Collect$$libinit$$0000001F  c_w.l(libinit2.o)
    0x0800017a   0x0800017a   0x00000000   Code   RO          533    .ARM.Collect$$libinit$$00000021  c_w.l(libinit2.o)
    0x0800017a   0x0800017a   0x00000000   Code   RO          535    .ARM.Collect$$libinit$$00000023  c_w.l(libinit2.o)
    0x0800017a   0x0800017a   0x00000000   Code   RO          537    .ARM.Collect$$libinit$$00000025  c_w.l(libinit2.o)
    0x0800017a   0x0800017a   0x00000000   Code   RO          539    .ARM.Collect$$libinit$$00000027  c_w.l(libinit2.o)
    0x0800017a   0x0800017a   0x00000000   Code   RO          543    .ARM.Collect$$libinit$$0000002E  c_w.l(libinit2.o)
    0x0800017a   0x0800017a   0x00000000   Code   RO          545    .ARM.Collect$$libinit$$00000030  c_w.l(libinit2.o)
    0x0800017a   0x0800017a   0x00000000   Code   RO          547    .ARM.Collect$$libinit$$00000032  c_w.l(libinit2.o)
    0x0800017a   0x0800017a   0x00000000   Code   RO          549    .ARM.Collect$$libinit$$00000034  c_w.l(libinit2.o)
    0x0800017a   0x0800017a   0x00000002   Code   RO          550    .ARM.Collect$$libinit$$00000035  c_w.l(libinit2.o)
    0x0800017c   0x0800017c   0x00000002   Code   RO          697    .ARM.Collect$$libshutdown$$00000000  c_w.l(libshutdown.o)
    0x0800017e   0x0800017e   0x00000000   Code   RO          651    .ARM.Collect$$libshutdown$$00000002  c_w.l(libshutdown2.o)
    0x0800017e   0x0800017e   0x00000000   Code   RO          653    .ARM.Collect$$libshutdown$$00000004  c_w.l(libshutdown2.o)
    0x0800017e   0x0800017e   0x00000000   Code   RO          656    .ARM.Collect$$libshutdown$$00000007  c_w.l(libshutdown2.o)
    0x0800017e   0x0800017e   0x00000000   Code   RO          659    .ARM.Collect$$libshutdown$$0000000A  c_w.l(libshutdown2.o)
    0x0800017e   0x0800017e   0x00000000   Code   RO          661    .ARM.Collect$$libshutdown$$0000000C  c_w.l(libshutdown2.o)
    0x0800017e   0x0800017e   0x00000000   Code   RO          664    .ARM.Collect$$libshutdown$$0000000F  c_w.l(libshutdown2.o)
    0x0800017e   0x0800017e   0x00000002   Code   RO          665    .ARM.Collect$$libshutdown$$00000010  c_w.l(libshutdown2.o)
    0x08000180   0x08000180   0x00000000   Code   RO          474    .ARM.Collect$$rtentry$$00000000  c_w.l(__rtentry.o)
    0x08000180   0x08000180   0x00000000   Code   RO          574    .ARM.Collect$$rtentry$$00000002  c_w.l(__rtentry2.o)
    0x08000180   0x08000180   0x00000006   Code   RO          586    .ARM.Collect$$rtentry$$00000004  c_w.l(__rtentry4.o)
    0x08000186   0x08000186   0x00000000   Code   RO          576    .ARM.Collect$$rtentry$$00000009  c_w.l(__rtentry2.o)
    0x08000186   0x08000186   0x00000004   Code   RO          577    .ARM.Collect$$rtentry$$0000000A  c_w.l(__rtentry2.o)
    0x0800018a   0x0800018a   0x00000000   Code   RO          579    .ARM.Collect$$rtentry$$0000000C  c_w.l(__rtentry2.o)
    0x0800018a   0x0800018a   0x00000008   Code   RO          580    .ARM.Collect$$rtentry$$0000000D  c_w.l(__rtentry2.o)
    0x08000192   0x08000192   0x00000002   Code   RO          640    .ARM.Collect$$rtexit$$00000000  c_w.l(rtexit.o)
    0x08000194   0x08000194   0x00000000   Code   RO          671    .ARM.Collect$$rtexit$$00000002  c_w.l(rtexit2.o)
    0x08000194   0x08000194   0x00000004   Code   RO          672    .ARM.Collect$$rtexit$$00000003  c_w.l(rtexit2.o)
    0x08000198   0x08000198   0x00000006   Code   RO          673    .ARM.Collect$$rtexit$$00000004  c_w.l(rtexit2.o)
    0x0800019e   0x0800019e   0x00000002   PAD
    0x080001a0   0x080001a0   0x00000040   Code   RO          335    .text               startup_stm32f10x_md.o
    0x080001e0   0x080001e0   0x0000005e   Code   RO          366    .text               c_w.l(h1_alloc.o)
    0x0800023e   0x0800023e   0x0000004e   Code   RO          368    .text               c_w.l(h1_free.o)
    0x0800028c   0x0800028c   0x00000006   Code   RO          424    .text               c_w.l(heapauxi.o)
    0x08000292   0x08000292   0x00000002   PAD
    0x08000294   0x08000294   0x00000008   Code   RO          478    .text               c_w.l(rt_heap_descriptor_intlibspace.o)
    0x0800029c   0x0800029c   0x00000004   Code   RO          480    .text               c_w.l(hguard.o)
    0x080002a0   0x080002a0   0x0000008a   Code   RO          482    .text               c_w.l(init_alloc.o)
    0x0800032a   0x0800032a   0x0000000c   Code   RO          486    .text               c_w.l(h1_init.o)
    0x08000336   0x08000336   0x00000002   PAD
    0x08000338   0x08000338   0x00000008   Code   RO          570    .text               c_w.l(libspace.o)
    0x08000340   0x08000340   0x00000000   Code   RO          590    .text               c_w.l(maybetermalloc1.o)
    0x08000340   0x08000340   0x00000034   Code   RO          592    .text               c_w.l(h1_extend.o)
    0x08000374   0x08000374   0x0000000e   Code   RO          596    .text               c_w.l(defsig_rtmem_outer.o)
    0x08000382   0x08000382   0x00000002   Code   RO          611    .text               c_w.l(use_no_semi.o)
    0x08000384   0x08000384   0x00000000   Code   RO          613    .text               c_w.l(indicate_semi.o)
    0x08000384   0x08000384   0x0000004a   Code   RO          614    .text               c_w.l(sys_stackheap_outer.o)
    0x080003ce   0x080003ce   0x00000012   Code   RO          620    .text               c_w.l(exit.o)
    0x080003e0   0x080003e0   0x0000000a   Code   RO          622    .text               c_w.l(defsig_exit.o)
    0x080003ea   0x080003ea   0x00000002   PAD
    0x080003ec   0x080003ec   0x00000050   Code   RO          624    .text               c_w.l(defsig_rtmem_inner.o)
    0x0800043c   0x0800043c   0x0000000c   Code   RO          636    .text               c_w.l(sys_exit.o)
    0x08000448   0x08000448   0x00000032   Code   RO          648    .text               c_w.l(defsig_general.o)
    0x0800047a   0x0800047a   0x0000000e   Code   RO          666    .text               c_w.l(sys_wrch.o)
    0x08000488   0x08000488   0x00000078   Code   RO           85    .text.Create_IdleTaskStack  rtos.o
    0x08000500   0x08000500   0x0000000a   Code   RO          208    .text.Disable_IRQ   cortexm3_irq.o
    0x0800050a   0x0800050a   0x00000002   PAD
    0x0800050c   0x0800050c   0x0000000a   Code   RO          210    .text.Enable_IRQ    cortexm3_irq.o
    0x08000516   0x08000516   0x00000002   PAD
    0x08000518   0x08000518   0x000000f8   Code   RO            2    .text.GPIO_ClockControl  gpio_driver.o
    0x08000610   0x08000610   0x000000a6   Code   RO            6    .text.GPIO_SetMode  gpio_driver.o
    0x080006b6   0x080006b6   0x00000002   PAD
    0x080006b8   0x080006b8   0x0000000a   Code   RO           52    .text.GetAHB_Clock  rcc_driver.o
    0x080006c2   0x080006c2   0x00000002   PAD
    0x080006c4   0x080006c4   0x0000000a   Code   RO           54    .text.GetAPB1_Clock  rcc_driver.o
    0x080006ce   0x080006ce   0x00000002   PAD
    0x080006d0   0x080006d0   0x0000025a   Code   RO           27    .text.I2C_Init      i2c_driver.o
    0x0800092a   0x0800092a   0x00000002   PAD
    0x0800092c   0x0800092c   0x00000166   Code   RO           37    .text.I2C_MasterReceive  i2c_driver.o
    0x08000a92   0x08000a92   0x00000002   PAD
    0x08000a94   0x08000a94   0x0000014a   Code   RO           35    .text.I2C_MasterTransmit  i2c_driver.o
    0x08000bde   0x08000bde   0x00000002   PAD
    0x08000be0   0x08000be0   0x0000016a   Code   RO           33    .text.I2C_SendAddress  i2c_driver.o
    0x08000d4a   0x08000d4a   0x00000002   PAD
    0x08000d4c   0x08000d4c   0x0000004e   Code   RO           29    .text.I2C_SendStartSignal  i2c_driver.o
    0x08000d9a   0x08000d9a   0x00000002   PAD
    0x08000d9c   0x08000d9c   0x00000018   Code   RO           31    .text.I2C_SendStopSignal  i2c_driver.o
    0x08000db4   0x08000db4   0x00000046   Code   RO          271    .text.MPU6050_I2C_Setup  mpu6050_driver.o
    0x08000dfa   0x08000dfa   0x00000002   PAD
    0x08000dfc   0x08000dfc   0x000000da   Code   RO          267    .text.MPU6050_Measure_Angle_Rotation  mpu6050_driver.o
    0x08000ed6   0x08000ed6   0x00000002   PAD
    0x08000ed8   0x08000ed8   0x0000006a   Code   RO          263    .text.MPU6050_ReadValue  mpu6050_driver.o
    0x08000f42   0x08000f42   0x00000002   PAD
    0x08000f44   0x08000f44   0x000000e4   Code   RO          261    .text.MPU6050_Setfilter  mpu6050_driver.o
    0x08001028   0x08001028   0x00000134   Code   RO          265    .text.MPU6050_Setup  mpu6050_driver.o
    0x0800115c   0x0800115c   0x00000026   Code   RO          107    .text.PendSV_Handler  rtos.o
    0x08001182   0x08001182   0x00000002   PAD
    0x08001184   0x08001184   0x0000001a   Code   RO          101    .text.RTOS_Get_PSPValue  rtos.o
    0x0800119e   0x0800119e   0x00000002   PAD
    0x080011a0   0x080011a0   0x00000022   Code   RO           99    .text.RTOS_Save_PSPValue  rtos.o
    0x080011c2   0x080011c2   0x00000002   PAD
    0x080011c4   0x080011c4   0x000000b2   Code   RO          103    .text.RTOS_Update_NextTask  rtos.o
    0x08001276   0x08001276   0x00000002   PAD
    0x08001278   0x08001278   0x00000080   Code   RO           64    .text.SetPLLCLK_HSE  rcc_driver.o
    0x080012f8   0x080012f8   0x00000052   Code   RO           50    .text.SetSysCLK     rcc_driver.o
    0x0800134a   0x0800134a   0x00000002   PAD
    0x0800134c   0x0800134c   0x0000002a   Code   RO           66    .text.SysCLK_PreScaler  rcc_driver.o
    0x08001376   0x08001376   0x00000002   PAD
    0x08001378   0x08001378   0x0000008a   Code   RO          125    .text.SysTick_DelayMs  systick_driver.o
    0x08001402   0x08001402   0x00000002   PAD
    0x08001404   0x08001404   0x0000001a   Code   RO          220    .text.SystemPending_PENSV  cortexm3_irq.o
    0x0800141e   0x0800141e   0x00000002   PAD
    0x08001420   0x08001420   0x00000008   Code   RO           48    .text.System_Init   rcc_driver.o
    0x08001428   0x08001428   0x00000026   Code   RO          121    .text.SystickTimer_Init  systick_driver.o
    0x0800144e   0x0800144e   0x00000002   PAD
    0x08001450   0x08001450   0x00000064   Code   RO          105    .text.TIM4_IRQHandler  rtos.o
    0x080014b4   0x080014b4   0x00000130   Code   RO          194    .text.USART1_IRQHandler  usart_driver.o
    0x080015e4   0x080015e4   0x00000130   Code   RO          196    .text.USART2_IRQHandler  usart_driver.o
    0x08001714   0x08001714   0x00000130   Code   RO          198    .text.USART3_IRQHandler  usart_driver.o
    0x08001844   0x08001844   0x00000088   Code   RO           93    .text.UnBlock_Task  rtos.o
    0x080018cc   0x080018cc   0x0000006e   Code   RO          321    .text.main          motor_mpu6050_control.o
    0x0800193a   0x0800193a   0x00000002   PAD
    0x0800193c   0x0800193c   0x00000062   Code   RO          428    x$fpl$d2f           fz_ws.l(d2f.o)
    0x0800199e   0x0800199e   0x00000002   PAD
    0x080019a0   0x080019a0   0x00000150   Code   RO          430    x$fpl$dadd          fz_ws.l(daddsub_clz.o)
    0x08001af0   0x08001af0   0x000002b4   Code   RO          437    x$fpl$ddiv          fz_ws.l(ddiv.o)
    0x08001da4   0x08001da4   0x0000005e   Code   RO          440    x$fpl$dfix          fz_ws.l(dfix.o)
    0x08001e02   0x08001e02   0x0000002e   Code   RO          445    x$fpl$dflt          fz_ws.l(dflt_clz.o)
    0x08001e30   0x08001e30   0x00000154   Code   RO          450    x$fpl$dmul          fz_ws.l(dmul.o)
    0x08001f84   0x08001f84   0x0000009c   Code   RO          551    x$fpl$dnaninf       fz_ws.l(dnaninf.o)
    0x08002020   0x08002020   0x0000000c   Code   RO          553    x$fpl$dretinf       fz_ws.l(dretinf.o)
    0x0800202c   0x0800202c   0x000001dc   Code   RO          432    x$fpl$dsub          fz_ws.l(daddsub_clz.o)
    0x08002208   0x08002208   0x00000056   Code   RO          452    x$fpl$f2d           fz_ws.l(f2d.o)
    0x0800225e   0x0800225e   0x00000002   PAD
    0x08002260   0x08002260   0x000000c4   Code   RO          454    x$fpl$fadd          fz_ws.l(faddsub_clz.o)
    0x08002324   0x08002324   0x0000008c   Code   RO          561    x$fpl$fnaninf       fz_ws.l(fnaninf.o)
    0x080023b0   0x080023b0   0x0000000a   Code   RO          563    x$fpl$fretinf       fz_ws.l(fretinf.o)
    0x080023ba   0x080023ba   0x00000002   PAD
    0x080023bc   0x080023bc   0x000000ea   Code   RO          456    x$fpl$fsub          fz_ws.l(faddsub_clz.o)
    0x080024a6   0x080024a6   0x00000000   Code   RO          565    x$fpl$usenofp       fz_ws.l(usenofp.o)
    0x080024a6   0x080024a6   0x00000002   PAD
    0x080024a8   0x080024a8   0x00000010   Data   RO          699    Region$$Table       anon$$obj.o


    Execution Region RW_IRAM1 (Exec base: 0x20000000, Load base: 0x080024b8, Size: 0x00003290, Max: 0x00005000, ABSOLUTE)

    Exec Addr    Load Addr    Size         Type   Attr      Idx    E Section Name        Object

    0x20000000        -       0x00000060   Zero   RW          571    .bss                c_w.l(libspace.o)
    0x20000060        -       0x00000002   Zero   RW          325    .bss.Angle          motor_mpu6050_control.o
    0x20000062        -       0x00000002   Zero   RW          323    .bss.Begin_Value    motor_mpu6050_control.o
    0x20000064        -       0x00000004   Zero   RW          324    .bss.Filter_Value   motor_mpu6050_control.o
    0x20000068        -       0x00000004   Zero   RW          133    .bss.HCLK           systick_driver.o
    0x2000006c        -       0x00000004   Zero   RW          200    .bss.Handler_CallBack  usart_driver.o
    0x20000070        -       0x00000001   Zero   RW          109    .bss.RTOS_Number_TaskNode  rtos.o
    0x20000071   0x080024b8   0x00000001   PAD
    0x20000072        -       0x00000002   Zero   RW          111    .bss.RTOS_Tick      rtos.o
    0x20000074        -       0x00000001   Zero   RW          113    .bss.TIM4_IRQHandler.Count_To_Create_IdleTaskStack  rtos.o
    0x20000075        -       0x00000001   Zero   RW          112    .bss.Task_CurrentNode  rtos.o
    0x20000076   0x080024b8   0x00000002   PAD
    0x20000078        -       0x00000018   Zero   RW          110    .bss.Task_Node      rtos.o
    0x20000090        -       0x00000a00   Zero   RW          333    HEAP                startup_stm32f10x_md.o
    0x20000a90        -       0x00002800   Zero   RW          332    STACK               startup_stm32f10x_md.o


==============================================================================

Image component sizes


      Code (inc. data)   RO Data    RW Data    ZI Data      Debug   Object Name

        46          0          0          0          0       1843   cortexm3_irq.o
       414          0          0          0          0       3574   gpio_driver.o
      1754          0          0          0          0       4799   i2c_driver.o
       110          0          0          0          8        799   motor_mpu6050_control.o
       930          0          0          0          0       2989   mpu6050_driver.o
       280          0          0          0          0       2407   rcc_driver.o
       632          0          0          0         29       5543   rtos.o
        64         26        236          0      12800        840   startup_stm32f10x_md.o
       176          0          0          0          4       1936   systick_driver.o
       912          0          0          0          4       4819   usart_driver.o

    ----------------------------------------------------------------------
      5364         26        252          0      12848      29549   Object Totals
         0          0         16          0          0          0   (incl. Generated)
        46          0          0          0          3          0   (incl. Padding)

    ----------------------------------------------------------------------

      Code (inc. data)   RO Data    RW Data    ZI Data      Debug   Library Member Name

         8          0          0          0          0         68   __main.o
         0          0          0          0          0          0   __rtentry.o
        12          0          0          0          0          0   __rtentry2.o
         6          0          0          0          0          0   __rtentry4.o
        94          8          0          0          0          0   __scatter.o
        28          0          0          0          0          0   __scatter_zi.o
        10          0          0          0          0         68   defsig_exit.o
        50          0          0          0          0         88   defsig_general.o
        80         58          0          0          0         76   defsig_rtmem_inner.o
        14          0          0          0          0         80   defsig_rtmem_outer.o
        18          0          0          0          0         80   exit.o
        94          0          0          0          0         80   h1_alloc.o
        52          0          0          0          0         68   h1_extend.o
        78          0          0          0          0         80   h1_free.o
        12          0          0          0          0         84   h1_init.o
         6          0          0          0          0        152   heapauxi.o
         4          0          0          0          0        136   hguard.o
         0          0          0          0          0          0   indicate_semi.o
       138          0          0          0          0        168   init_alloc.o
         2          0          0          0          0          0   libinit.o
        10          0          0          0          0          0   libinit2.o
         2          0          0          0          0          0   libshutdown.o
         2          0          0          0          0          0   libshutdown2.o
         8          4          0          0         96         68   libspace.o
         0          0          0          0          0          0   maybetermalloc1.o
         8          4          0          0          0         68   rt_heap_descriptor_intlibspace.o
         2          0          0          0          0          0   rtexit.o
        10          0          0          0          0          0   rtexit2.o
        12          4          0          0          0         68   sys_exit.o
        74          0          0          0          0         80   sys_stackheap_outer.o
        14          0          0          0          0         76   sys_wrch.o
         2          0          0          0          0         68   use_no_semi.o
        98          4          0          0          0         92   d2f.o
       812         16          0          0          0        296   daddsub_clz.o
       692        140          0          0          0        216   ddiv.o
        94          4          0          0          0         92   dfix.o
        46          0          0          0          0         68   dflt_clz.o
       340         12          0          0          0        104   dmul.o
       156          4          0          0          0         92   dnaninf.o
        12          0          0          0          0         68   dretinf.o
        86          4          0          0          0         84   f2d.o
       430          8          0          0          0        168   faddsub_clz.o
       140          4          0          0          0         84   fnaninf.o
        10          0          0          0          0         68   fretinf.o
         0          0          0          0          0          0   usenofp.o

    ----------------------------------------------------------------------
      3784        274          0          0         96       3088   Library Totals
        18          0          0          0          0          0   (incl. Padding)

    ----------------------------------------------------------------------

      Code (inc. data)   RO Data    RW Data    ZI Data      Debug   Library Name

       850         78          0          0         96       1656   c_w.l
      2916        196          0          0          0       1432   fz_ws.l

    ----------------------------------------------------------------------
      3784        274          0          0         96       3088   Library Totals

    ----------------------------------------------------------------------

==============================================================================


      Code (inc. data)   RO Data    RW Data    ZI Data      Debug   

      9148        300        252          0      12944      30965   Grand Totals
      9148        300        252          0      12944      30965   ELF Image Totals
      9148        300        252          0          0          0   ROM Totals

==============================================================================

    Total RO  Size (Code + RO Data)                 9400 (   9.18kB)
    Total RW  Size (RW Data + ZI Data)             12944 (  12.64kB)
    Total ROM Size (Code + RO Data + RW Data)       9400 (   9.18kB)

==============================================================================

